Component: Arm Compiler for Embedded 6.24 Tool: armlink [5f371500]

==============================================================================

Section Cross References

    main.o(.ARM.exidx.text.main) refers to main.o(.text.main) for [Anonymous Symbol]
    startup_at32f435_437.o(STACK) refers (Special) to heapauxi.o(.text) for __use_two_region_memory
    startup_at32f435_437.o(HEAP) refers (Special) to heapauxi.o(.text) for __use_two_region_memory
    startup_at32f435_437.o(RESET) refers (Special) to heapauxi.o(.text) for __use_two_region_memory
    startup_at32f435_437.o(RESET) refers to startup_at32f435_437.o(STACK) for __initial_sp
    startup_at32f435_437.o(RESET) refers to startup_at32f435_437.o(.text) for Reset_Handler
    startup_at32f435_437.o(.text) refers (Special) to heapauxi.o(.text) for __use_two_region_memory
    startup_at32f435_437.o(.text) refers to system_at32f435_437.o(.text.SystemInit) for SystemInit
    startup_at32f435_437.o(.text) refers to __main.o(!!!main) for __main
    startup_at32f435_437.o(.text) refers to startup_at32f435_437.o(HEAP) for Heap_Mem
    startup_at32f435_437.o(.text) refers to startup_at32f435_437.o(STACK) for Stack_Mem
    system_at32f435_437.o(.ARM.exidx.text.SystemInit) refers to system_at32f435_437.o(.text.SystemInit) for [Anonymous Symbol]
    system_at32f435_437.o(.text.system_core_clock_update) refers to at32f435_437_crm.o(.text.crm_sysclk_switch_status_get) for crm_sysclk_switch_status_get
    system_at32f435_437.o(.text.system_core_clock_update) refers to system_at32f435_437.o(.data.system_core_clock) for system_core_clock
    system_at32f435_437.o(.text.system_core_clock_update) refers to system_at32f435_437.o(.rodata.system_core_clock_update.pll_fr_table) for system_core_clock_update.pll_fr_table
    system_at32f435_437.o(.text.system_core_clock_update) refers to lludivv7m.o(.text) for __aeabi_uldivmod
    system_at32f435_437.o(.text.system_core_clock_update) refers to system_at32f435_437.o(.rodata.system_core_clock_update.sys_ahb_div_table) for system_core_clock_update.sys_ahb_div_table
    system_at32f435_437.o(.ARM.exidx.text.system_core_clock_update) refers to system_at32f435_437.o(.text.system_core_clock_update) for [Anonymous Symbol]
    at32f435_437_crm.o(.ARM.exidx.text.crm_reset) refers to at32f435_437_crm.o(.text.crm_reset) for [Anonymous Symbol]
    at32f435_437_crm.o(.ARM.exidx.text.crm_lext_bypass) refers to at32f435_437_crm.o(.text.crm_lext_bypass) for [Anonymous Symbol]
    at32f435_437_crm.o(.ARM.exidx.text.crm_hext_bypass) refers to at32f435_437_crm.o(.text.crm_hext_bypass) for [Anonymous Symbol]
    at32f435_437_crm.o(.ARM.exidx.text.crm_flag_get) refers to at32f435_437_crm.o(.text.crm_flag_get) for [Anonymous Symbol]
    at32f435_437_crm.o(.ARM.exidx.text.crm_interrupt_flag_get) refers to at32f435_437_crm.o(.text.crm_interrupt_flag_get) for [Anonymous Symbol]
    at32f435_437_crm.o(.text.crm_hext_stable_wait) refers to at32f435_437_crm.o(.text.crm_flag_get) for crm_flag_get
    at32f435_437_crm.o(.ARM.exidx.text.crm_hext_stable_wait) refers to at32f435_437_crm.o(.text.crm_hext_stable_wait) for [Anonymous Symbol]
    at32f435_437_crm.o(.ARM.exidx.text.crm_hick_clock_trimming_set) refers to at32f435_437_crm.o(.text.crm_hick_clock_trimming_set) for [Anonymous Symbol]
    at32f435_437_crm.o(.ARM.exidx.text.crm_hick_clock_calibration_set) refers to at32f435_437_crm.o(.text.crm_hick_clock_calibration_set) for [Anonymous Symbol]
    at32f435_437_crm.o(.ARM.exidx.text.crm_periph_clock_enable) refers to at32f435_437_crm.o(.text.crm_periph_clock_enable) for [Anonymous Symbol]
    at32f435_437_crm.o(.ARM.exidx.text.crm_periph_reset) refers to at32f435_437_crm.o(.text.crm_periph_reset) for [Anonymous Symbol]
    at32f435_437_crm.o(.ARM.exidx.text.crm_periph_lowpower_mode_enable) refers to at32f435_437_crm.o(.text.crm_periph_lowpower_mode_enable) for [Anonymous Symbol]
    at32f435_437_crm.o(.ARM.exidx.text.crm_clock_source_enable) refers to at32f435_437_crm.o(.text.crm_clock_source_enable) for [Anonymous Symbol]
    at32f435_437_crm.o(.ARM.exidx.text.crm_flag_clear) refers to at32f435_437_crm.o(.text.crm_flag_clear) for [Anonymous Symbol]
    at32f435_437_crm.o(.ARM.exidx.text.crm_ertc_clock_select) refers to at32f435_437_crm.o(.text.crm_ertc_clock_select) for [Anonymous Symbol]
    at32f435_437_crm.o(.ARM.exidx.text.crm_ertc_clock_enable) refers to at32f435_437_crm.o(.text.crm_ertc_clock_enable) for [Anonymous Symbol]
    at32f435_437_crm.o(.ARM.exidx.text.crm_ahb_div_set) refers to at32f435_437_crm.o(.text.crm_ahb_div_set) for [Anonymous Symbol]
    at32f435_437_crm.o(.ARM.exidx.text.crm_apb1_div_set) refers to at32f435_437_crm.o(.text.crm_apb1_div_set) for [Anonymous Symbol]
    at32f435_437_crm.o(.ARM.exidx.text.crm_apb2_div_set) refers to at32f435_437_crm.o(.text.crm_apb2_div_set) for [Anonymous Symbol]
[...]
    at32f435_437_crm.o(.ARM.exidx.text.crm_pll_parameter_calculate) refers to at32f435_437_crm.o(.text.crm_pll_parameter_calculate) for [Anonymous Symbol]
    at32f435_437_exint.o(.ARM.exidx.text.exint_reset) refers to at32f435_437_exint.o(.text.exint_reset) for [Anonymous Symbol]
    at32f435_437_exint.o(.ARM.exidx.text.exint_default_para_init) refers to at32f435_437_exint.o(.text.exint_default_para_init) for [Anonymous Symbol]
    at32f435_437_exint.o(.ARM.exidx.text.exint_init) refers to at32f435_437_exint.o(.text.exint_init) for [Anonymous Symbol]
    at32f435_437_exint.o(.ARM.exidx.text.exint_flag_clear) refers to at32f435_437_exint.o(.text.exint_flag_clear) for [Anonymous Symbol]
    at32f435_437_exint.o(.ARM.exidx.text.exint_flag_get) refers to at32f435_437_exint.o(.text.exint_flag_get) for [Anonymous Symbol]
    at32f435_437_exint.o(.ARM.exidx.text.exint_interrupt_flag_get) refers to at32f435_437_exint.o(.text.exint_interrupt_flag_get) for [Anonymous Symbol]
    at32f435_437_exint.o(.ARM.exidx.text.exint_software_interrupt_event_generate) refers to at32f435_437_exint.o(.text.exint_software_interrupt_event_generate) for [Anonymous Symbol]
    at32f435_437_exint.o(.ARM.exidx.text.exint_interrupt_enable) refers to at32f435_437_exint.o(.text.exint_interrupt_enable) for [Anonymous Symbol]
    at32f435_437_exint.o(.ARM.exidx.text.exint_event_enable) refers to at32f435_437_exint.o(.text.exint_event_enable) for [Anonymous Symbol]
    at32f435_437_gpio.o(.text.gpio_reset) refers to at32f435_437_crm.o(.text.crm_periph_reset) for crm_periph_reset
    at32f435_437_gpio.o(.ARM.exidx.text.gpio_reset) refers to at32f435_437_gpio.o(.text.gpio_reset) for [Anonymous Symbol]
    at32f435_437_gpio.o(.ARM.exidx.text.gpio_init) refers to at32f435_437_gpio.o(.text.gpio_init) for [Anonymous Symbol]
    at32f435_437_gpio.o(.ARM.exidx.text.gpio_default_para_init) refers to at32f435_437_gpio.o(.text.gpio_default_para_init) for [Anonymous Symbol]
    at32f435_437_gpio.o(.ARM.exidx.text.gpio_input_data_bit_read) refers to at32f435_437_gpio.o(.text.gpio_input_data_bit_read) for [Anonymous Symbol]
    at32f435_437_gpio.o(.ARM.exidx.text.gpio_input_data_read) refers to at32f435_437_gpio.o(.text.gpio_input_data_read) for [Anonymous Symbol]
    at32f435_437_gpio.o(.ARM.exidx.text.gpio_output_data_bit_read) refers to at32f435_437_gpio.o(.text.gpio_output_data_bit_read) for [Anonymous Symbol]
    at32f435_437_gpio.o(.ARM.exidx.text.gpio_output_data_read) refers to at32f435_437_gpio.o(.text.gpio_output_data_read) for [Anonymous Symbol]
    at32f435_437_gpio.o(.ARM.exidx.text.gpio_bits_set) refers to at32f435_437_gpio.o(.text.gpio_bits_set) for [Anonymous Symbol]
    at32f435_437_gpio.o(.ARM.exidx.text.gpio_bits_reset) refers to at32f435_437_gpio.o(.text.gpio_bits_reset) for [Anonymous Symbol]
    at32f435_437_gpio.o(.ARM.exidx.text.gpio_bits_toggle) refers to at32f435_437_gpio.o(.text.gpio_bits_toggle) for [Anonymous Symbol]
    at32f435_437_gpio.o(.ARM.exidx.text.gpio_bits_write) refers to at32f435_437_gpio.o(.text.gpio_bits_write) for [Anonymous Symbol]
    at32f435_437_gpio.o(.ARM.exidx.text.gpio_port_write) refers to at32f435_437_gpio.o(.text.gpio_port_write) for [Anonymous Symbol]
    at32f435_437_gpio.o(.ARM.exidx.text.gpio_pin_wp_config) refers to at32f435_437_gpio.o(.text.gpio_pin_wp_config) for [Anonymous Symbol]
    at32f435_437_gpio.o(.ARM.exidx.text.gpio_pins_huge_driven_config) refers to at32f435_437_gpio.o(.text.gpio_pins_huge_driven_config) for [Anonymous Symbol]
    at32f435_437_gpio.o(.ARM.exidx.text.gpio_pin_mux_config) refers to at32f435_437_gpio.o(.text.gpio_pin_mux_config) for [Anonymous Symbol]
    at32f435_437_misc.o(.text.nvic_system_reset) refers to at32f435_437_misc.o(.text.__NVIC_SystemReset) for __NVIC_SystemReset
    at32f435_437_misc.o(.ARM.exidx.text.nvic_system_reset) refers to at32f435_437_misc.o(.text.nvic_system_reset) for [Anonymous Symbol]
    at32f435_437_misc.o(.ARM.exidx.text.__NVIC_SystemReset) refers to at32f435_437_misc.o(.text.__NVIC_SystemReset) for [Anonymous Symbol]
    at32f435_437_misc.o(.text.nvic_irq_enable) refers to at32f435_437_misc.o(.text.__NVIC_GetPriorityGrouping) for __NVIC_GetPriorityGrouping
    at32f435_437_misc.o(.text.nvic_irq_enable) refers to at32f435_437_misc.o(.text.NVIC_EncodePriority) for NVIC_EncodePriority
    at32f435_437_misc.o(.text.nvic_irq_enable) refers to at32f435_437_misc.o(.text.__NVIC_SetPriority) for __NVIC_SetPriority
    at32f435_437_misc.o(.text.nvic_irq_enable) refers to at32f435_437_misc.o(.text.__NVIC_EnableIRQ) for __NVIC_EnableIRQ
    at32f435_437_misc.o(.ARM.exidx.text.nvic_irq_enable) refers to at32f435_437_misc.o(.text.nvic_irq_enable) for [Anonymous Symbol]
    at32f435_437_misc.o(.ARM.exidx.text.NVIC_EncodePriority) refers to at32f435_437_misc.o(.text.NVIC_EncodePriority) for [Anonymous Symbol]
    at32f435_437_misc.o(.ARM.exidx.text.__NVIC_GetPriorityGrouping) refers to at32f435_437_misc.o(.text.__NVIC_GetPriorityGrouping) for [Anonymous Symbol]
    at32f435_437_misc.o(.ARM.exidx.text.__NVIC_SetPriority) refers to at32f435_437_misc.o(.text.__NVIC_SetPriority) for [Anonymous Symbol]
    at32f435_437_misc.o(.ARM.exidx.text.__NVIC_EnableIRQ) refers to at32f435_437_misc.o(.text.__NVIC_EnableIRQ) for [Anonymous Symbol]
    at32f435_437_misc.o(.text.nvic_irq_disable) refers to at32f435_437_misc.o(.text.__NVIC_DisableIRQ) for __NVIC_DisableIRQ
    at32f435_437_misc.o(.ARM.exidx.text.nvic_irq_disable) refers to at32f435_437_misc.o(.text.nvic_irq_disable) for [Anonymous Symbol]
    at32f435_437_misc.o(.ARM.exidx.text.__NVIC_DisableIRQ) refers to at32f435_437_misc.o(.text.__NVIC_DisableIRQ) for [Anonymous Symbol]
    at32f435_437_misc.o(.text.nvic_priority_group_config) refers to at32f435_437_misc.o(.text.__NVIC_SetPriorityGrouping) for __NVIC_SetPriorityGrouping
    at32f435_437_misc.o(.ARM.exidx.text.nvic_priority_group_config) refers to at32f435_437_misc.o(.text.nvic_priority_group_config) for [Anonymous Symbol]
    at32f435_437_misc.o(.ARM.exidx.text.__NVIC_SetPriorityGrouping) refers to at32f435_437_misc.o(.text.__NVIC_SetPriorityGrouping) for [Anonymous Symbol]
    at32f435_437_misc.o(.ARM.exidx.text.nvic_vector_table_set) refers to at32f435_437_misc.o(.text.nvic_vector_table_set) for [Anonymous Symbol]
    at32f435_437_misc.o(.ARM.exidx.text.nvic_lowpower_mode_config) refers to at32f435_437_misc.o(.text.nvic_lowpower_mode_config) for [Anonymous Symbol]
    at32f435_437_misc.o(.ARM.exidx.text.systick_clock_source_config) refers to at32f435_437_misc.o(.text.systick_clock_source_config) for [Anonymous Symbol]
    at32f435_437_scfg.o(.text.scfg_reset) refers to at32f435_437_crm.o(.text.crm_periph_reset) for crm_periph_reset
    at32f435_437_scfg.o(.ARM.exidx.text.scfg_reset) refers to at32f435_437_scfg.o(.text.scfg_reset) for [Anonymous Symbol]
    at32f435_437_scfg.o(.ARM.exidx.text.scfg_xmc_mapping_swap_set) refers to at32f435_437_scfg.o(.text.scfg_xmc_mapping_swap_set) for [Anonymous Symbol]
    at32f435_437_scfg.o(.ARM.exidx.text.scfg_infrared_config) refers to at32f435_437_scfg.o(.text.scfg_infrared_config) for [Anonymous Symbol]
    at32f435_437_scfg.o(.ARM.exidx.text.scfg_mem_map_set) refers to at32f435_437_scfg.o(.text.scfg_mem_map_set) for [Anonymous Symbol]
    at32f435_437_scfg.o(.ARM.exidx.text.scfg_emac_interface_set) refers to at32f435_437_scfg.o(.text.scfg_emac_interface_set) for [Anonymous Symbol]
    at32f435_437_scfg.o(.ARM.exidx.text.scfg_exint_line_config) refers to at32f435_437_scfg.o(.text.scfg_exint_line_config) for [Anonymous Symbol]
    at32f435_437_scfg.o(.ARM.exidx.text.scfg_pins_ultra_driven_enable) refers to at32f435_437_scfg.o(.text.scfg_pins_ultra_driven_enable) for [Anonymous Symbol]
    at32f435_437_usart.o(.text.usart_reset) refers to at32f435_437_crm.o(.text.crm_periph_reset) for crm_periph_reset
    at32f435_437_usart.o(.ARM.exidx.text.usart_reset) refers to at32f435_437_usart.o(.text.usart_reset) for [Anonymous Symbol]
    at32f435_437_usart.o(.text.usart_init) refers to at32f435_437_crm.o(.text.crm_clocks_freq_get) for crm_clocks_freq_get
    at32f435_437_usart.o(.ARM.exidx.text.usart_init) refers to at32f435_437_usart.o(.text.usart_init) for [Anonymous Symbol]
    at32f435_437_usart.o(.ARM.exidx.text.usart_parity_selection_config) refers to at32f435_437_usart.o(.text.usart_parity_selection_config) for [Anonymous Symbol]
    at32f435_437_usart.o(.ARM.exidx.text.usart_enable) refers to at32f435_437_usart.o(.text.usart_enable) for [Anonymous Symbol]
    at32f435_437_usart.o(.ARM.exidx.text.usart_transmitter_enable) refers to at32f435_437_usart.o(.text.usart_transmitter_enable) for [Anonymous Symbol]
    at32f435_437_usart.o(.ARM.exidx.text.usart_receiver_enable) refers to at32f435_437_usart.o(.text.usart_receiver_enable) for [Anonymous Symbol]
    at32f435_437_usart.o(.ARM.exidx.text.usart_clock_config) refers to at32f435_437_usart.o(.text.usart_clock_config) for [Anonymous Symbol]
    at32f435_437_usart.o(.ARM.exidx.text.usart_clock_enable) refers to at32f435_437_usart.o(.text.usart_clock_enable) for [Anonymous Symbol]
    at32f435_437_usart.o(.ARM.exidx.text.usart_interrupt_enable) refers to at32f435_437_usart.o(.text.usart_interrupt_enable) for [Anonymous Symbol]
    at32f435_437_usart.o(.ARM.exidx.text.usart_dma_transmitter_enable) refers to at32f435_437_usart.o(.text.usart_dma_transmitter_enable) for [Anonymous Symbol]
    at32f435_437_usart.o(.ARM.exidx.text.usart_dma_receiver_enable) refers to at32f435_437_usart.o(.text.usart_dma_receiver_enable) for [Anonymous Symbol]
    at32f435_437_usart.o(.ARM.exidx.text.usart_wakeup_id_set) refers to at32f435_437_usart.o(.text.usart_wakeup_id_set) for [Anonymous Symbol]
    at32f435_437_usart.o(.ARM.exidx.text.usart_wakeup_mode_set) refers to at32f435_437_usart.o(.text.usart_wakeup_mode_set) for [Anonymous Symbol]
    at32f435_437_usart.o(.ARM.exidx.text.usart_receiver_mute_enable) refers to at32f435_437_usart.o(.text.usart_receiver_mute_enable) for [Anonymous Symbol]
    at32f435_437_usart.o(.ARM.exidx.text.usart_break_bit_num_set) refers to at32f435_437_usart.o(.text.usart_break_bit_num_set) for [Anonymous Symbol]
    at32f435_437_usart.o(.ARM.exidx.text.usart_lin_mode_enable) refers to at32f435_437_usart.o(.text.usart_lin_mode_enable) for [Anonymous Symbol]
    at32f435_437_usart.o(.ARM.exidx.text.usart_data_transmit) refers to at32f435_437_usart.o(.text.usart_data_transmit) for [Anonymous Symbol]
    at32f435_437_usart.o(.ARM.exidx.text.usart_data_receive) refers to at32f435_437_usart.o(.text.usart_data_receive) for [Anonymous Symbol]
    at32f435_437_usart.o(.ARM.exidx.text.usart_break_send) refers to at32f435_437_usart.o(.text.usart_break_send) for [Anonymous Symbol]
    at32f435_437_usart.o(.ARM.exidx.text.usart_smartcard_guard_time_set) refers to at32f435_437_usart.o(.text.usart_smartcard_guard_time_set) for [Anonymous Symbol]
    at32f435_437_usart.o(.ARM.exidx.text.usart_irda_smartcard_division_set) refers to at32f435_437_usart.o(.text.usart_irda_smartcard_division_set) for [Anonymous Symbol]
    at32f435_437_usart.o(.ARM.exidx.text.usart_smartcard_mode_enable) refers to at32f435_437_usart.o(.text.usart_smartcard_mode_enable) for [Anonymous Symbol]
    at32f435_437_usart.o(.ARM.exidx.text.usart_smartcard_nack_set) refers to at32f435_437_usart.o(.text.usart_smartcard_nack_set) for [Anonymous Symbol]
    at32f435_437_usart.o(.ARM.exidx.text.usart_single_line_halfduplex_select) refers to at32f435_437_usart.o(.text.usart_single_line_halfduplex_select) for [Anonymous Symbol]
    at32f435_437_usart.o(.ARM.exidx.text.usart_irda_mode_enable) refers to at32f435_437_usart.o(.text.usart_irda_mode_enable) for [Anonymous Symbol]
    at32f435_437_usart.o(.ARM.exidx.text.usart_irda_low_power_enable) refers to at32f435_437_usart.o(.text.usart_irda_low_power_enable) for [Anonymous Symbol]
    at32f435_437_usart.o(.ARM.exidx.text.usart_hardware_flow_control_set) refers to at32f435_437_usart.o(.text.usart_hardware_flow_control_set) for [Anonymous Symbol]
    at32f435_437_usart.o(.ARM.exidx.text.usart_flag_get) refers to at32f435_437_usart.o(.text.usart_flag_get) for [Anonymous Symbol]
    at32f435_437_usart.o(.ARM.exidx.text.usart_interrupt_flag_get) refers to at32f435_437_usart.o(.text.usart_interrupt_flag_get) for [Anonymous Symbol]
    at32f435_437_usart.o(.ARM.exidx.text.usart_flag_clear) refers to at32f435_437_usart.o(.text.usart_flag_clear) for [Anonymous Symbol]
    at32f435_437_usart.o(.ARM.exidx.text.usart_rs485_delay_time_config) refers to at32f435_437_usart.o(.text.usart_rs485_delay_time_config) for [Anonymous Symbol]
    at32f435_437_usart.o(.ARM.exidx.text.usart_transmit_receive_pin_swap) refers to at32f435_437_usart.o(.text.usart_transmit_receive_pin_swap) for [Anonymous Symbol]
    at32f435_437_usart.o(.ARM.exidx.text.usart_id_bit_num_set) refers to at32f435_437_usart.o(.text.usart_id_bit_num_set) for [Anonymous Symbol]
    at32f435_437_usart.o(.ARM.exidx.text.usart_de_polarity_set) refers to at32f435_437_usart.o(.text.usart_de_polarity_set) for [Anonymous Symbol]
    at32f435_437_usart.o(.ARM.exidx.text.usart_rs485_mode_enable) refers to at32f435_437_usart.o(.text.usart_rs485_mode_enable) for [Anonymous Symbol]
    __main.o(!!!main) refers to __rtentry.o(.ARM.Collect$$rtentry$$00000000) for __rt_entry
    __rtentry.o(.ARM.Collect$$rtentry$$00000000) refers (Special) to __rtentry2.o(.ARM.Collect$$rtentry$$0000000A) for __rt_entry_li
    __rtentry.o(.ARM.Collect$$rtentry$$00000000) refers (Special) to __rtentry2.o(.ARM.Collect$$rtentry$$0000000D) for __rt_entry_main
    __rtentry.o(.ARM.Collect$$rtentry$$00000000) refers (Special) to __rtentry2.o(.ARM.Collect$$rtentry$$0000000C) for __rt_entry_postli_1
    __rtentry.o(.ARM.Collect$$rtentry$$00000000) refers (Special) to __rtentry2.o(.ARM.Collect$$rtentry$$00000009) for __rt_entry_postsh_1
    __rtentry.o(.ARM.Collect$$rtentry$$00000000) refers (Special) to __rtentry2.o(.ARM.Collect$$rtentry$$00000002) for __rt_entry_presh_1
    __rtentry.o(.ARM.Collect$$rtentry$$00000000) refers (Special) to __rtentry4.o(.ARM.Collect$$rtentry$$00000004) for __rt_entry_sh
    aeabi_ldiv0_sigfpe.o(.text) refers to rt_div0.o(.text) for __rt_div0
    __rtentry2.o(.ARM.Collect$$rtentry$$00000008) refers to boardinit2.o(.text) for _platform_post_stackheap_init
    __rtentry2.o(.ARM.Collect$$rtentry$$0000000A) refers to libinit.o(.ARM.Collect$$libinit$$00000000) for __rt_lib_init
    __rtentry2.o(.ARM.Collect$$rtentry$$0000000B) refers to boardinit3.o(.text) for _platform_post_lib_init
    __rtentry2.o(.ARM.Collect$$rtentry$$0000000D) refers to main.o(.text.main) for main
    __rtentry2.o(.ARM.Collect$$rtentry$$0000000D) refers to exit.o(.text) for exit
    __rtentry2.o(.ARM.exidx) refers to __rtentry2.o(.ARM.Collect$$rtentry$$00000001) for .ARM.Collect$$rtentry$$00000001
    __rtentry2.o(.ARM.exidx) refers to __rtentry2.o(.ARM.Collect$$rtentry$$00000008) for .ARM.Collect$$rtentry$$00000008
    __rtentry2.o(.ARM.exidx) refers to __rtentry2.o(.ARM.Collect$$rtentry$$0000000A) for .ARM.Collect$$rtentry$$0000000A
    __rtentry2.o(.ARM.exidx) refers to __rtentry2.o(.ARM.Collect$$rtentry$$0000000B) for .ARM.Collect$$rtentry$$0000000B
    __rtentry2.o(.ARM.exidx) refers to __rtentry2.o(.ARM.Collect$$rtentry$$0000000D) for .ARM.Collect$$rtentry$$0000000D
    __rtentry4.o(.ARM.Collect$$rtentry$$00000004) refers to sys_stackheap_outer.o(.text) for __user_setup_stackheap
    __rtentry4.o(.ARM.exidx) refers to __rtentry4.o(.ARM.Collect$$rtentry$$00000004) for .ARM.Collect$$rtentry$$00000004
    rt_div0.o(.text) refers to defsig_fpe_outer.o(.text) for __rt_SIGFPE
    sys_stackheap_outer.o(.text) refers to libspace.o(.text) for __user_perproc_libspace
    sys_stackheap_outer.o(.text) refers to startup_at32f435_437.o(.text) for __user_initial_stackheap
    exit.o(.text) refers to rtexit.o(.ARM.Collect$$rtexit$$00000000) for __rt_exit
    defsig_fpe_outer.o(.text) refers to defsig_fpe_inner.o(.text) for __rt_SIGFPE_inner
    defsig_fpe_outer.o(.text) refers to defsig_exit.o(.text) for __sig_exit
    defsig_fpe_formal.o(.text) refers to rt_raise.o(.text) for __rt_raise
    libinit.o(.ARM.Collect$$libinit$$00000000) refers (Special) to libinit2.o(.ARM.Collect$$libinit$$00000030) for __rt_lib_init_alloca_1
    libinit.o(.ARM.Collect$$libinit$$00000000) refers (Special) to libinit2.o(.ARM.Collect$$libinit$$0000002E) for __rt_lib_init_argv_1
    libinit.o(.ARM.Collect$$libinit$$00000000) refers (Special) to libinit2.o(.ARM.Collect$$libinit$$0000001D) for __rt_lib_init_atexit_1
    libinit.o(.ARM.Collect$$libinit$$00000000) refers (Special) to libinit2.o(.ARM.Collect$$libinit$$00000023) for __rt_lib_init_clock_1
    libinit.o(.ARM.Collect$$libinit$$00000000) refers (Special) to libinit2.o(.ARM.Collect$$libinit$$00000034) for __rt_lib_init_cpp_1
    libinit.o(.ARM.Collect$$libinit$$00000000) refers (Special) to libinit2.o(.ARM.Collect$$libinit$$00000032) for __rt_lib_init_exceptions_1
    libinit.o(.ARM.Collect$$libinit$$00000000) refers (Special) to libinit2.o(.ARM.Collect$$libinit$$00000001) for __rt_lib_init_fp_1
    libinit.o(.ARM.Collect$$libinit$$00000000) refers (Special) to libinit2.o(.ARM.Collect$$libinit$$00000021) for __rt_lib_init_fp_trap_1
    libinit.o(.ARM.Collect$$libinit$$00000000) refers (Special) to libinit2.o(.ARM.Collect$$libinit$$00000025) for __rt_lib_init_getenv_1
    libinit.o(.ARM.Collect$$libinit$$00000000) refers (Special) to libinit2.o(.ARM.Collect$$libinit$$0000000C) for __rt_lib_init_heap_1
    libinit.o(.ARM.Collect$$libinit$$00000000) refers (Special) to libinit2.o(.ARM.Collect$$libinit$$00000013) for __rt_lib_init_lc_collate_1
    libinit.o(.ARM.Collect$$libinit$$00000000) refers (Special) to libinit2.o(.ARM.Collect$$libinit$$00000015) for __rt_lib_init_lc_ctype_1
    libinit.o(.ARM.Collect$$libinit$$00000000) refers (Special) to libinit2.o(.ARM.Collect$$libinit$$00000017) for __rt_lib_init_lc_monetary_1
    libinit.o(.ARM.Collect$$libinit$$00000000) refers (Special) to libinit2.o(.ARM.Collect$$libinit$$00000019) for __rt_lib_init_lc_numeric_1
    libinit.o(.ARM.Collect$$libinit$$00000000) refers (Special) to libinit2.o(.ARM.Collect$$libinit$$0000001B) for __rt_lib_init_lc_time_1
    libinit.o(.ARM.Collect$$libinit$$00000000) refers (Special) to libinit2.o(.ARM.Collect$$libinit$$00000006) for __rt_lib_init_preinit_1
    libinit.o(.ARM.Collect$$libinit$$00000000) refers (Special) to libinit2.o(.ARM.Collect$$libinit$$00000010) for __rt_lib_init_rand_1
    libinit.o(.ARM.Collect$$libinit$$00000000) refers (Special) to libinit2.o(.ARM.Collect$$libinit$$00000004) for __rt_lib_init_relocate_pie_1
    libinit.o(.ARM.Collect$$libinit$$00000000) refers (Special) to libinit2.o(.ARM.Collect$$libinit$$00000035) for __rt_lib_init_return
    libinit.o(.ARM.Collect$$libinit$$00000000) refers (Special) to libinit2.o(.ARM.Collect$$libinit$$0000001F) for __rt_lib_init_signal_1
    libinit.o(.ARM.Collect$$libinit$$00000000) refers (Special) to libinit2.o(.ARM.Collect$$libinit$$00000027) for __rt_lib_init_stdio_1
    libinit.o(.ARM.Collect$$libinit$$00000000) refers (Special) to libinit2.o(.ARM.Collect$$libinit$$0000000E) for __rt_lib_init_user_alloc_1
    libspace.o(.text) refers to libspace.o(.bss) for __libspace_start
    rtexit.o(.ARM.Collect$$rtexit$$00000000) refers (Special) to rtexit2.o(.ARM.Collect$$rtexit$$00000004) for __rt_exit_exit
    rtexit.o(.ARM.Collect$$rtexit$$00000000) refers (Special) to rtexit2.o(.ARM.Collect$$rtexit$$00000003) for __rt_exit_ls
    rtexit.o(.ARM.Collect$$rtexit$$00000000) refers (Special) to rtexit2.o(.ARM.Collect$$rtexit$$00000002) for __rt_exit_prels_1
    rtexit.o(.ARM.exidx) refers (Special) to rtexit2.o(.ARM.Collect$$rtexit$$00000004) for __rt_exit_exit
    rtexit.o(.ARM.exidx) refers (Special) to rtexit2.o(.ARM.Collect$$rtexit$$00000003) for __rt_exit_ls
    rtexit.o(.ARM.exidx) refers (Special) to rtexit2.o(.ARM.Collect$$rtexit$$00000002) for __rt_exit_prels_1
    rtexit.o(.ARM.exidx) refers to rtexit.o(.ARM.Collect$$rtexit$$00000000) for .ARM.Collect$$rtexit$$00000000
    rt_raise.o(.text) refers to __raise.o(.text) for __raise
    rt_raise.o(.text) refers to sys_exit.o(.text) for _sys_exit
    defsig_exit.o(.text) refers to sys_exit.o(.text) for _sys_exit
    defsig_fpe_inner.o(.text) refers to defsig_general.o(.text) for __default_signal_display
    libinit2.o(.ARM.Collect$$libinit$$00000001) refers to fpinit.o(x$fpl$fpinit) for _fp_init
    libinit2.o(.ARM.Collect$$libinit$$00000012) refers to libinit2.o(.ARM.Collect$$libinit$$00000011) for .ARM.Collect$$libinit$$00000011
    libinit2.o(.ARM.Collect$$libinit$$00000014) refers to libinit2.o(.ARM.Collect$$libinit$$00000011) for .ARM.Collect$$libinit$$00000011
    libinit2.o(.ARM.Collect$$libinit$$00000016) refers to libinit2.o(.ARM.Collect$$libinit$$00000011) for .ARM.Collect$$libinit$$00000011
    libinit2.o(.ARM.Collect$$libinit$$00000018) refers to libinit2.o(.ARM.Collect$$libinit$$00000011) for .ARM.Collect$$libinit$$00000011
    libinit2.o(.ARM.Collect$$libinit$$0000001A) refers to libinit2.o(.ARM.Collect$$libinit$$00000011) for .ARM.Collect$$libinit$$00000011
    libinit2.o(.ARM.Collect$$libinit$$00000028) refers to argv_veneer.o(.emb_text) for __ARM_argv_veneer
    libinit2.o(.ARM.Collect$$libinit$$00000029) refers to argv_veneer.o(.emb_text) for __ARM_argv_veneer
    sys_exit.o(.text) refers (Special) to use_no_semi.o(.text) for __I$use$semihosting
    sys_exit.o(.text) refers (Special) to indicate_semi.o(.text) for __semihosting_library_function
    sys_exit_hlt.o(.text) refers (Special) to use_no_semi.o(.text) for __I$use$semihosting
    sys_exit_hlt.o(.text) refers (Special) to indicate_semi.o(.text) for __semihosting_library_function
    rtexit2.o(.ARM.Collect$$rtexit$$00000003) refers to libshutdown.o(.ARM.Collect$$libshutdown$$00000000) for __rt_lib_shutdown
    rtexit2.o(.ARM.Collect$$rtexit$$00000004) refers to sys_exit.o(.text) for _sys_exit
    rtexit2.o(.ARM.exidx) refers to rtexit2.o(.ARM.Collect$$rtexit$$00000001) for .ARM.Collect$$rtexit$$00000001
    rtexit2.o(.ARM.exidx) refers to rtexit2.o(.ARM.Collect$$rtexit$$00000003) for .ARM.Collect$$rtexit$$00000003
    rtexit2.o(.ARM.exidx) refers to rtexit2.o(.ARM.Collect$$rtexit$$00000004) for .ARM.Collect$$rtexit$$00000004
    __raise.o(.text) refers to defsig.o(CL$$defsig) for __default_signal_handler
    defsig_general.o(.text) refers to sys_wrch.o(.text) for _ttywrch
    argv_veneer.o(.emb_text) refers to no_argv.o(.text) for __ARM_get_argv
    sys_wrch.o(.text) refers (Special) to use_no_semi.o(.text) for __I$use$semihosting
    sys_wrch.o(.text) refers (Special) to indicate_semi.o(.text) for __semihosting_library_function
    sys_wrch_hlt.o(.text) refers (Special) to use_no_semi.o(.text) for __I$use$semihosting
    sys_wrch_hlt.o(.text) refers (Special) to indicate_semi.o(.text) for __semihosting_library_function
    defsig.o(CL$$defsig) refers to defsig_fpe_inner.o(.text) for __rt_SIGFPE_inner
    defsig.o(CL$$defsig) refers to defsig_rtmem_inner.o(.text) for __rt_SIGRTMEM_inner
    _get_argv_nomalloc.o(.text) refers (Special) to hrguard.o(.text) for __heap_region$guard
    _get_argv_nomalloc.o(.text) refers to defsig_rtmem_outer.o(.text) for __rt_SIGRTMEM
    _get_argv_nomalloc.o(.text) refers to sys_command.o(.text) for _sys_command_string
    libshutdown.o(.ARM.Collect$$libshutdown$$00000000) refers (Special) to libshutdown2.o(.ARM.Collect$$libshutdown$$00000002) for __rt_lib_shutdown_cpp_1
    libshutdown.o(.ARM.Collect$$libshutdown$$00000000) refers (Special) to libshutdown2.o(.ARM.Collect$$libshutdown$$00000007) for __rt_lib_shutdown_fp_trap_1
    libshutdown.o(.ARM.Collect$$libshutdown$$00000000) refers (Special) to libshutdown2.o(.ARM.Collect$$libshutdown$$0000000F) for __rt_lib_shutdown_heap_1
    libshutdown.o(.ARM.Collect$$libshutdown$$00000000) refers (Special) to libshutdown2.o(.ARM.Collect$$libshutdown$$00000010) for __rt_lib_shutdown_return
    libshutdown.o(.ARM.Collect$$libshutdown$$00000000) refers (Special) to libshutdown2.o(.ARM.Collect$$libshutdown$$0000000A) for __rt_lib_shutdown_signal_1
    libshutdown.o(.ARM.Collect$$libshutdown$$00000000) refers (Special) to libshutdown2.o(.ARM.Collect$$libshutdown$$00000004) for __rt_lib_shutdown_stdio_1
    libshutdown.o(.ARM.Collect$$libshutdown$$00000000) refers (Special) to libshutdown2.o(.ARM.Collect$$libshutdown$$0000000C) for __rt_lib_shutdown_user_alloc_1
    sys_command.o(.text) refers (Special) to use_no_semi.o(.text) for __I$use$semihosting
    sys_command.o(.text) refers (Special) to indicate_semi.o(.text) for __semihosting_library_function
    sys_command_hlt.o(.text) refers (Special) to use_no_semi.o(.text) for __I$use$semihosting
    sys_command_hlt.o(.text) refers (Special) to indicate_semi.o(.text) for __semihosting_library_function
    defsig_abrt_inner.o(.text) refers to defsig_general.o(.text) for __default_signal_display
    defsig_rtred_inner.o(.text) refers to defsig_general.o(.text) for __default_signal_display
    defsig_rtmem_inner.o(.text) refers to defsig_general.o(.text) for __default_signal_display
    defsig_rtmem_outer.o(.text) refers to defsig_rtmem_inner.o(.text) for __rt_SIGRTMEM_inner
    defsig_rtmem_outer.o(.text) refers to defsig_exit.o(.text) for __sig_exit
    defsig_rtmem_formal.o(.text) refers to rt_raise.o(.text) for __rt_raise
    defsig_stak_inner.o(.text) refers to defsig_general.o(.text) for __default_signal_display
    defsig_pvfn_inner.o(.text) refers to defsig_general.o(.text) for __default_signal_display
    defsig_cppl_inner.o(.text) refers to defsig_general.o(.text) for __default_signal_display
    defsig_segv_inner.o(.text) refers to defsig_general.o(.text) for __default_signal_display
    defsig_other.o(.text) refers to defsig_general.o(.text) for __default_signal_display


==============================================================================

Removing Unused input sections from the image.

    Removing main.o(.text), (0 bytes).
    Removing main.o(.ARM.exidx.text.main), (8 bytes).
    Removing main.o(.ARM.use_no_argv), (4 bytes).
    Removing program2.o(.text), (0 bytes).
    Removing program3.o(.text), (0 bytes).
    Removing system_at32f435_437.o(.text), (0 bytes).
    Removing system_at32f435_437.o(.ARM.exidx.text.SystemInit), (8 bytes).
    Removing system_at32f435_437.o(.text.system_core_clock_update), (336 bytes).
    Removing system_at32f435_437.o(.ARM.exidx.text.system_core_clock_update), (8 bytes).
    Removing system_at32f435_437.o(.data.system_core_clock), (4 bytes).
    Removing system_at32f435_437.o(.rodata.system_core_clock_update.sys_ahb_div_table), (16 bytes).
    Removing system_at32f435_437.o(.rodata.system_core_clock_update.pll_fr_table), (6 bytes).
    Removing at32f435_437_crm.o(.text), (0 bytes).
    Removing at32f435_437_crm.o(.text.crm_reset), (156 bytes).
    Removing at32f435_437_crm.o(.ARM.exidx.text.crm_reset), (8 bytes).
    Removing at32f435_437_crm.o(.text.crm_lext_bypass), (38 bytes).
    Removing at32f435_437_crm.o(.ARM.exidx.text.crm_lext_bypass), (8 bytes).
    Removing at32f435_437_crm.o(.text.crm_hext_bypass), (38 bytes).
    Removing at32f435_437_crm.o(.ARM.exidx.text.crm_hext_bypass), (8 bytes).
    Removing at32f435_437_crm.o(.text.crm_flag_get), (62 bytes).
    Removing at32f435_437_crm.o(.ARM.exidx.text.crm_flag_get), (8 bytes).
    Removing at32f435_437_crm.o(.text.crm_interrupt_flag_get), (322 bytes).
    Removing at32f435_437_crm.o(.ARM.exidx.text.crm_interrupt_flag_get), (8 bytes).
    Removing at32f435_437_crm.o(.text.crm_hext_stable_wait), (100 bytes).
    Removing at32f435_437_crm.o(.ARM.exidx.text.crm_hext_stable_wait), (8 bytes).
    Removing at32f435_437_crm.o(.text.crm_hick_clock_trimming_set), (38 bytes).
    Removing at32f435_437_crm.o(.ARM.exidx.text.crm_hick_clock_trimming_set), (8 bytes).
    Removing at32f435_437_crm.o(.text.crm_hick_clock_calibration_set), (60 bytes).
    Removing at32f435_437_crm.o(.ARM.exidx.text.crm_hick_clock_calibration_set), (8 bytes).
    Removing at32f435_437_crm.o(.text.crm_periph_clock_enable), (82 bytes).
    Removing at32f435_437_crm.o(.ARM.exidx.text.crm_periph_clock_enable), (8 bytes).
    Removing at32f435_437_crm.o(.text.crm_periph_reset), (82 bytes).
    Removing at32f435_437_crm.o(.ARM.exidx.text.crm_periph_reset), (8 bytes).
    Removing at32f435_437_crm.o(.text.crm_periph_lowpower_mode_enable), (82 bytes).
    Removing at32f435_437_crm.o(.ARM.exidx.text.crm_periph_lowpower_mode_enable), (8 bytes).
    Removing at32f435_437_crm.o(.text.crm_clock_source_enable), (166 bytes).
    Removing at32f435_437_crm.o(.ARM.exidx.text.crm_clock_source_enable), (8 bytes).
    Removing at32f435_437_crm.o(.text.crm_flag_clear), (272 bytes).
    Removing at32f435_437_crm.o(.ARM.exidx.text.crm_flag_clear), (8 bytes).
    Removing at32f435_437_crm.o(.text.crm_ertc_clock_select), (66 bytes).
    Removing at32f435_437_crm.o(.ARM.exidx.text.crm_ertc_clock_select), (8 bytes).
    Removing at32f435_437_crm.o(.text.crm_ertc_clock_enable), (38 bytes).
    Removing at32f435_437_crm.o(.ARM.exidx.text.crm_ertc_clock_enable), (8 bytes).
    Removing at32f435_437_crm.o(.text.crm_ahb_div_set), (38 bytes).
    Removing at32f435_437_crm.o(.ARM.exidx.text.crm_ahb_div_set), (8 bytes).
    Removing at32f435_437_crm.o(.text.crm_apb1_div_set), (38 bytes).
    Removing at32f435_437_crm.o(.ARM.exidx.text.crm_apb1_div_set), (8 bytes).
    Removing at32f435_437_crm.o(.text.crm_apb2_div_set), (38 bytes).
    Removing at32f435_437_crm.o(.ARM.exidx.text.crm_apb2_div_set), (8 bytes).
    Removing at32f435_437_crm.o(.text.crm_usb_clock_div_set), (38 bytes).
    Removing at32f435_437_crm.o(.ARM.exidx.text.crm_usb_clock_div_set), (8 bytes).
    Removing at32f435_437_crm.o(.text.crm_clock_failure_detection_enable), (38 bytes).
    Removing at32f435_437_crm.o(.ARM.exidx.text.crm_clock_failure_detection_enable), (8 bytes).
    Removing at32f435_437_crm.o(.text.crm_battery_powered_domain_reset), (38 bytes).
    Removing at32f435_437_crm.o(.ARM.exidx.text.crm_battery_powered_domain_reset), (8 bytes).
    Removing at32f435_437_crm.o(.text.crm_auto_step_mode_enable), (56 bytes).
    Removing at32f435_437_crm.o(.ARM.exidx.text.crm_auto_step_mode_enable), (8 bytes).
    Removing at32f435_437_crm.o(.text.crm_hick_divider_select), (38 bytes).
    Removing at32f435_437_crm.o(.ARM.exidx.text.crm_hick_divider_select), (8 bytes).
    Removing at32f435_437_crm.o(.text.crm_hick_sclk_frequency_select), (46 bytes).
    Removing at32f435_437_crm.o(.ARM.exidx.text.crm_hick_sclk_frequency_select), (8 bytes).
    Removing at32f435_437_crm.o(.text.crm_usb_clock_source_select), (58 bytes).
    Removing at32f435_437_crm.o(.ARM.exidx.text.crm_usb_clock_source_select), (8 bytes).
    Removing at32f435_437_crm.o(.text.crm_clkout_to_tmr10_enable), (38 bytes).
    Removing at32f435_437_crm.o(.ARM.exidx.text.crm_clkout_to_tmr10_enable), (8 bytes).
    Removing at32f435_437_crm.o(.text.crm_pll_config), (130 bytes).
    Removing at32f435_437_crm.o(.ARM.exidx.text.crm_pll_config), (8 bytes).
    Removing at32f435_437_crm.o(.text.crm_sysclk_switch), (70 bytes).
    Removing at32f435_437_crm.o(.ARM.exidx.text.crm_sysclk_switch), (8 bytes).
    Removing at32f435_437_crm.o(.text.crm_sysclk_switch_status_get), (16 bytes).
    Removing at32f435_437_crm.o(.ARM.exidx.text.crm_sysclk_switch_status_get), (8 bytes).
    Removing at32f435_437_crm.o(.text.crm_clocks_freq_get), (366 bytes).
    Removing at32f435_437_crm.o(.ARM.exidx.text.crm_clocks_freq_get), (8 bytes).
    Removing at32f435_437_crm.o(.text.crm_clock_out1_set), (38 bytes).
    Removing at32f435_437_crm.o(.ARM.exidx.text.crm_clock_out1_set), (8 bytes).
    Removing at32f435_437_crm.o(.text.crm_clock_out2_set), (94 bytes).
    Removing at32f435_437_crm.o(.ARM.exidx.text.crm_clock_out2_set), (8 bytes).
    Removing at32f435_437_crm.o(.text.crm_clkout_div_set), (138 bytes).
    Removing at32f435_437_crm.o(.ARM.exidx.text.crm_clkout_div_set), (8 bytes).
    Removing at32f435_437_crm.o(.text.crm_emac_output_pulse_set), (38 bytes).
    Removing at32f435_437_crm.o(.ARM.exidx.text.crm_emac_output_pulse_set), (8 bytes).
    Removing at32f435_437_crm.o(.text.crm_interrupt_enable), (58 bytes).
    Removing at32f435_437_crm.o(.ARM.exidx.text.crm_interrupt_enable), (8 bytes).
    Removing at32f435_437_crm.o(.text.crm_pll_parameter_calculate), (486 bytes).
    Removing at32f435_437_crm.o(.ARM.exidx.text.crm_pll_parameter_calculate), (8 bytes).
    Removing at32f435_437_crm.o(.rodata.crm_clocks_freq_get.sclk_ahb_div_table), (16 bytes).
    Removing at32f435_437_crm.o(.rodata.crm_clocks_freq_get.ahb_apb1_div_table), (8 bytes).
    Removing at32f435_437_crm.o(.rodata.crm_clocks_freq_get.ahb_apb2_div_table), (8 bytes).
    Removing at32f435_437_crm.o(.rodata.crm_clocks_freq_get.pll_fr_table), (6 bytes).
    Removing at32f435_437_exint.o(.text), (0 bytes).
    Removing at32f435_437_exint.o(.text.exint_reset), (62 bytes).
    Removing at32f435_437_exint.o(.ARM.exidx.text.exint_reset), (8 bytes).
    Removing at32f435_437_exint.o(.text.exint_default_para_init), (28 bytes).
    Removing at32f435_437_exint.o(.ARM.exidx.text.exint_default_para_init), (8 bytes).
    Removing at32f435_437_exint.o(.text.exint_init), (228 bytes).
    Removing at32f435_437_exint.o(.ARM.exidx.text.exint_init), (8 bytes).
    Removing at32f435_437_exint.o(.text.exint_flag_clear), (20 bytes).
    Removing at32f435_437_exint.o(.ARM.exidx.text.exint_flag_clear), (8 bytes).
    Removing at32f435_437_exint.o(.text.exint_flag_get), (58 bytes).
    Removing at32f435_437_exint.o(.ARM.exidx.text.exint_flag_get), (8 bytes).
    Removing at32f435_437_exint.o(.text.exint_interrupt_flag_get), (74 bytes).
    Removing at32f435_437_exint.o(.ARM.exidx.text.exint_interrupt_flag_get), (8 bytes).
    Removing at32f435_437_exint.o(.text.exint_software_interrupt_event_generate), (24 bytes).
    Removing at32f435_437_exint.o(.ARM.exidx.text.exint_software_interrupt_event_generate), (8 bytes).
    Removing at32f435_437_exint.o(.text.exint_interrupt_enable), (58 bytes).
    Removing at32f435_437_exint.o(.ARM.exidx.text.exint_interrupt_enable), (8 bytes).
    Removing at32f435_437_exint.o(.text.exint_event_enable), (58 bytes).
    Removing at32f435_437_exint.o(.ARM.exidx.text.exint_event_enable), (8 bytes).
    Removing at32f435_437_gpio.o(.text), (0 bytes).
    Removing at32f435_437_gpio.o(.text.gpio_reset), (340 bytes).
    Removing at32f435_437_gpio.o(.ARM.exidx.text.gpio_reset), (8 bytes).
    Removing at32f435_437_gpio.o(.text.gpio_init), (232 bytes).
    Removing at32f435_437_gpio.o(.ARM.exidx.text.gpio_init), (8 bytes).
    Removing at32f435_437_gpio.o(.text.gpio_default_para_init), (36 bytes).
    Removing at32f435_437_gpio.o(.ARM.exidx.text.gpio_default_para_init), (8 bytes).
    Removing at32f435_437_gpio.o(.text.gpio_input_data_bit_read), (54 bytes).
    Removing at32f435_437_gpio.o(.ARM.exidx.text.gpio_input_data_bit_read), (8 bytes).
    Removing at32f435_437_gpio.o(.text.gpio_input_data_read), (14 bytes).
    Removing at32f435_437_gpio.o(.ARM.exidx.text.gpio_input_data_read), (8 bytes).
    Removing at32f435_437_gpio.o(.text.gpio_output_data_bit_read), (52 bytes).
    Removing at32f435_437_gpio.o(.ARM.exidx.text.gpio_output_data_bit_read), (8 bytes).
    Removing at32f435_437_gpio.o(.text.gpio_output_data_read), (14 bytes).
    Removing at32f435_437_gpio.o(.ARM.exidx.text.gpio_output_data_read), (8 bytes).
    Removing at32f435_437_gpio.o(.text.gpio_bits_set), (20 bytes).
    Removing at32f435_437_gpio.o(.ARM.exidx.text.gpio_bits_set), (8 bytes).
    Removing at32f435_437_gpio.o(.text.gpio_bits_reset), (20 bytes).
    Removing at32f435_437_gpio.o(.ARM.exidx.text.gpio_bits_reset), (8 bytes).
    Removing at32f435_437_gpio.o(.text.gpio_bits_toggle), (38 bytes).
    Removing at32f435_437_gpio.o(.ARM.exidx.text.gpio_bits_toggle), (8 bytes).
    Removing at32f435_437_gpio.o(.text.gpio_bits_write), (44 bytes).
    Removing at32f435_437_gpio.o(.ARM.exidx.text.gpio_bits_write), (8 bytes).
    Removing at32f435_437_gpio.o(.text.gpio_port_write), (20 bytes).
    Removing at32f435_437_gpio.o(.ARM.exidx.text.gpio_port_write), (8 bytes).
    Removing at32f435_437_gpio.o(.text.gpio_pin_wp_config), (60 bytes).
    Removing at32f435_437_gpio.o(.ARM.exidx.text.gpio_pin_wp_config), (8 bytes).
    Removing at32f435_437_gpio.o(.text.gpio_pins_huge_driven_config), (52 bytes).
    Removing at32f435_437_gpio.o(.ARM.exidx.text.gpio_pins_huge_driven_config), (8 bytes).
    Removing at32f435_437_gpio.o(.text.gpio_pin_mux_config), (136 bytes).
    Removing at32f435_437_gpio.o(.ARM.exidx.text.gpio_pin_mux_config), (8 bytes).
    Removing at32f435_437_misc.o(.text), (0 bytes).
    Removing at32f435_437_misc.o(.text.nvic_system_reset), (4 bytes).
    Removing at32f435_437_misc.o(.ARM.exidx.text.nvic_system_reset), (8 bytes).
    Removing at32f435_437_misc.o(.text.__NVIC_SystemReset), (38 bytes).
    Removing at32f435_437_misc.o(.ARM.exidx.text.__NVIC_SystemReset), (8 bytes).
    Removing at32f435_437_misc.o(.text.nvic_irq_enable), (52 bytes).
    Removing at32f435_437_misc.o(.ARM.exidx.text.nvic_irq_enable), (8 bytes).
    Removing at32f435_437_misc.o(.text.NVIC_EncodePriority), (108 bytes).
    Removing at32f435_437_misc.o(.ARM.exidx.text.NVIC_EncodePriority), (8 bytes).
    Removing at32f435_437_misc.o(.text.__NVIC_GetPriorityGrouping), (16 bytes).
    Removing at32f435_437_misc.o(.ARM.exidx.text.__NVIC_GetPriorityGrouping), (8 bytes).
    Removing at32f435_437_misc.o(.text.__NVIC_SetPriority), (66 bytes).
    Removing at32f435_437_misc.o(.ARM.exidx.text.__NVIC_SetPriority), (8 bytes).
    Removing at32f435_437_misc.o(.text.__NVIC_EnableIRQ), (48 bytes).
    Removing at32f435_437_misc.o(.ARM.exidx.text.__NVIC_EnableIRQ), (8 bytes).
    Removing at32f435_437_misc.o(.text.nvic_irq_disable), (20 bytes).
    Removing at32f435_437_misc.o(.ARM.exidx.text.nvic_irq_disable), (8 bytes).
    Removing at32f435_437_misc.o(.text.__NVIC_DisableIRQ), (56 bytes).
    Removing at32f435_437_misc.o(.ARM.exidx.text.__NVIC_DisableIRQ), (8 bytes).
    Removing at32f435_437_misc.o(.text.nvic_priority_group_config), (20 bytes).
    Removing at32f435_437_misc.o(.ARM.exidx.text.nvic_priority_group_config), (8 bytes).
    Removing at32f435_437_misc.o(.text.__NVIC_SetPriorityGrouping), (60 bytes).
    Removing at32f435_437_misc.o(.ARM.exidx.text.__NVIC_SetPriorityGrouping), (8 bytes).
    Removing at32f435_437_misc.o(.text.nvic_vector_table_set), (36 bytes).
    Removing at32f435_437_misc.o(.ARM.exidx.text.nvic_vector_table_set), (8 bytes).
    Removing at32f435_437_misc.o(.text.nvic_lowpower_mode_config), (62 bytes).
    Removing at32f435_437_misc.o(.ARM.exidx.text.nvic_lowpower_mode_config), (8 bytes).
    Removing at32f435_437_misc.o(.text.systick_clock_source_config), (56 bytes).
    Removing at32f435_437_misc.o(.ARM.exidx.text.systick_clock_source_config), (8 bytes).
    Removing at32f435_437_scfg.o(.text), (0 bytes).
    Removing at32f435_437_scfg.o(.text.scfg_reset), (30 bytes).
    Removing at32f435_437_scfg.o(.ARM.exidx.text.scfg_reset), (8 bytes).
    Removing at32f435_437_scfg.o(.text.scfg_xmc_mapping_swap_set), (38 bytes).
    Removing at32f435_437_scfg.o(.ARM.exidx.text.scfg_xmc_mapping_swap_set), (8 bytes).
    Removing at32f435_437_scfg.o(.text.scfg_infrared_config), (62 bytes).
    Removing at32f435_437_scfg.o(.ARM.exidx.text.scfg_infrared_config), (8 bytes).
    Removing at32f435_437_scfg.o(.text.scfg_mem_map_set), (30 bytes).
    Removing at32f435_437_scfg.o(.ARM.exidx.text.scfg_mem_map_set), (8 bytes).
    Removing at32f435_437_scfg.o(.text.scfg_emac_interface_set), (38 bytes).
    Removing at32f435_437_scfg.o(.ARM.exidx.text.scfg_emac_interface_set), (8 bytes).
    Removing at32f435_437_scfg.o(.text.scfg_exint_line_config), (228 bytes).
    Removing at32f435_437_scfg.o(.ARM.exidx.text.scfg_exint_line_config), (8 bytes).
    Removing at32f435_437_scfg.o(.text.scfg_pins_ultra_driven_enable), (82 bytes).
    Removing at32f435_437_scfg.o(.ARM.exidx.text.scfg_pins_ultra_driven_enable), (8 bytes).
    Removing at32f435_437_usart.o(.text), (0 bytes).
    Removing at32f435_437_usart.o(.text.usart_reset), (344 bytes).
    Removing at32f435_437_usart.o(.ARM.exidx.text.usart_reset), (8 bytes).
    Removing at32f435_437_usart.o(.text.usart_init), (286 bytes).
    Removing at32f435_437_usart.o(.ARM.exidx.text.usart_init), (8 bytes).
    Removing at32f435_437_usart.o(.text.usart_parity_selection_config), (110 bytes).
    Removing at32f435_437_usart.o(.ARM.exidx.text.usart_parity_selection_config), (8 bytes).
    Removing at32f435_437_usart.o(.text.usart_enable), (34 bytes).
    Removing at32f435_437_usart.o(.ARM.exidx.text.usart_enable), (8 bytes).
    Removing at32f435_437_usart.o(.text.usart_transmitter_enable), (34 bytes).
    Removing at32f435_437_usart.o(.ARM.exidx.text.usart_transmitter_enable), (8 bytes).
    Removing at32f435_437_usart.o(.text.usart_receiver_enable), (34 bytes).
    Removing at32f435_437_usart.o(.ARM.exidx.text.usart_receiver_enable), (8 bytes).
    Removing at32f435_437_usart.o(.text.usart_clock_config), (86 bytes).
    Removing at32f435_437_usart.o(.ARM.exidx.text.usart_clock_config), (8 bytes).
    Removing at32f435_437_usart.o(.text.usart_clock_enable), (34 bytes).
    Removing at32f435_437_usart.o(.ARM.exidx.text.usart_clock_enable), (8 bytes).
    Removing at32f435_437_usart.o(.text.usart_interrupt_enable), (72 bytes).
    Removing at32f435_437_usart.o(.ARM.exidx.text.usart_interrupt_enable), (8 bytes).
    Removing at32f435_437_usart.o(.text.usart_dma_transmitter_enable), (34 bytes).
    Removing at32f435_437_usart.o(.ARM.exidx.text.usart_dma_transmitter_enable), (8 bytes).
    Removing at32f435_437_usart.o(.text.usart_dma_receiver_enable), (34 bytes).
    Removing at32f435_437_usart.o(.ARM.exidx.text.usart_dma_receiver_enable), (8 bytes).
    Removing at32f435_437_usart.o(.text.usart_wakeup_id_set), (82 bytes).
    Removing at32f435_437_usart.o(.ARM.exidx.text.usart_wakeup_id_set), (8 bytes).
    Removing at32f435_437_usart.o(.text.usart_wakeup_mode_set), (34 bytes).
    Removing at32f435_437_usart.o(.ARM.exidx.text.usart_wakeup_mode_set), (8 bytes).
    Removing at32f435_437_usart.o(.text.usart_receiver_mute_enable), (34 bytes).
    Removing at32f435_437_usart.o(.ARM.exidx.text.usart_receiver_mute_enable), (8 bytes).
    Removing at32f435_437_usart.o(.text.usart_break_bit_num_set), (34 bytes).
    Removing at32f435_437_usart.o(.ARM.exidx.text.usart_break_bit_num_set), (8 bytes).
    Removing at32f435_437_usart.o(.text.usart_lin_mode_enable), (34 bytes).
    Removing at32f435_437_usart.o(.ARM.exidx.text.usart_lin_mode_enable), (8 bytes).
    Removing at32f435_437_usart.o(.text.usart_data_transmit), (24 bytes).
    Removing at32f435_437_usart.o(.ARM.exidx.text.usart_data_transmit), (8 bytes).
    Removing at32f435_437_usart.o(.text.usart_data_receive), (14 bytes).
    Removing at32f435_437_usart.o(.ARM.exidx.text.usart_data_receive), (8 bytes).
    Removing at32f435_437_usart.o(.text.usart_break_send), (18 bytes).
    Removing at32f435_437_usart.o(.ARM.exidx.text.usart_break_send), (8 bytes).
    Removing at32f435_437_usart.o(.text.usart_smartcard_guard_time_set), (30 bytes).
    Removing at32f435_437_usart.o(.ARM.exidx.text.usart_smartcard_guard_time_set), (8 bytes).
    Removing at32f435_437_usart.o(.text.usart_irda_smartcard_division_set), (28 bytes).
    Removing at32f435_437_usart.o(.ARM.exidx.text.usart_irda_smartcard_division_set), (8 bytes).
    Removing at32f435_437_usart.o(.text.usart_smartcard_mode_enable), (34 bytes).
    Removing at32f435_437_usart.o(.ARM.exidx.text.usart_smartcard_mode_enable), (8 bytes).
    Removing at32f435_437_usart.o(.text.usart_smartcard_nack_set), (34 bytes).
    Removing at32f435_437_usart.o(.ARM.exidx.text.usart_smartcard_nack_set), (8 bytes).
    Removing at32f435_437_usart.o(.text.usart_single_line_halfduplex_select), (34 bytes).
    Removing at32f435_437_usart.o(.ARM.exidx.text.usart_single_line_halfduplex_select), (8 bytes).
    Removing at32f435_437_usart.o(.text.usart_irda_mode_enable), (34 bytes).
    Removing at32f435_437_usart.o(.ARM.exidx.text.usart_irda_mode_enable), (8 bytes).
    Removing at32f435_437_usart.o(.text.usart_irda_low_power_enable), (34 bytes).
    Removing at32f435_437_usart.o(.ARM.exidx.text.usart_irda_low_power_enable), (8 bytes).
    Removing at32f435_437_usart.o(.text.usart_hardware_flow_control_set), (144 bytes).
    Removing at32f435_437_usart.o(.ARM.exidx.text.usart_hardware_flow_control_set), (8 bytes).
    Removing at32f435_437_usart.o(.text.usart_flag_get), (42 bytes).
    Removing at32f435_437_usart.o(.ARM.exidx.text.usart_flag_get), (8 bytes).
    Removing at32f435_437_usart.o(.text.usart_interrupt_flag_get), (312 bytes).
    Removing at32f435_437_usart.o(.ARM.exidx.text.usart_interrupt_flag_get), (8 bytes).
    Removing at32f435_437_usart.o(.text.usart_flag_clear), (40 bytes).
    Removing at32f435_437_usart.o(.ARM.exidx.text.usart_flag_clear), (8 bytes).
    Removing at32f435_437_usart.o(.text.usart_rs485_delay_time_config), (60 bytes).
    Removing at32f435_437_usart.o(.ARM.exidx.text.usart_rs485_delay_time_config), (8 bytes).
    Removing at32f435_437_usart.o(.text.usart_transmit_receive_pin_swap), (34 bytes).
    Removing at32f435_437_usart.o(.ARM.exidx.text.usart_transmit_receive_pin_swap), (8 bytes).
    Removing at32f435_437_usart.o(.text.usart_id_bit_num_set), (34 bytes).
    Removing at32f435_437_usart.o(.ARM.exidx.text.usart_id_bit_num_set), (8 bytes).
    Removing at32f435_437_usart.o(.text.usart_de_polarity_set), (34 bytes).
    Removing at32f435_437_usart.o(.ARM.exidx.text.usart_de_polarity_set), (8 bytes).
    Removing at32f435_437_usart.o(.text.usart_rs485_mode_enable), (34 bytes).
    Removing at32f435_437_usart.o(.ARM.exidx.text.usart_rs485_mode_enable), (8 bytes).

254 unused section(s) (total 10086 bytes) removed from the image.

==============================================================================

Image Symbol Table

    Local Symbols

    Symbol Name                              Value     Ov Type        Size  Object(Section)

    ../clib/angel/boardlib.s                 0x00000000   Number         0  boardinit1.o ABSOLUTE
    ../clib/angel/boardlib.s                 0x00000000   Number         0  boardinit2.o ABSOLUTE
    ../clib/angel/boardlib.s                 0x00000000   Number         0  boardinit3.o ABSOLUTE
    ../clib/angel/boardlib.s                 0x00000000   Number         0  boardshut.o ABSOLUTE
    ../clib/angel/handlers.s                 0x00000000   Number         0  __scatter_zi.o ABSOLUTE
    ../clib/angel/kernel.s                   0x00000000   Number         0  __rtentry.o ABSOLUTE
    ../clib/angel/kernel.s                   0x00000000   Number         0  __rtentry2.o ABSOLUTE
    ../clib/angel/kernel.s                   0x00000000   Number         0  __rtentry4.o ABSOLUTE
    ../clib/angel/kernel.s                   0x00000000   Number         0  rtexit.o ABSOLUTE
    ../clib/angel/kernel.s                   0x00000000   Number         0  rtexit2.o ABSOLUTE
    ../clib/angel/rt.s                       0x00000000   Number         0  aeabi_ldiv0.o ABSOLUTE
    ../clib/angel/rt.s                       0x00000000   Number         0  aeabi_ldiv0_sigfpe.o ABSOLUTE
    ../clib/angel/rt.s                       0x00000000   Number         0  rt_div0.o ABSOLUTE
    ../clib/angel/rt.s                       0x00000000   Number         0  rt_raise.o ABSOLUTE
    ../clib/angel/scatter.s                  0x00000000   Number         0  __scatter.o ABSOLUTE
    ../clib/angel/startup.s                  0x00000000   Number         0  __main.o ABSOLUTE
    ../clib/angel/sys.s                      0x00000000   Number         0  sys_stackheap_outer.o ABSOLUTE
    ../clib/angel/sys.s                      0x00000000   Number         0  libspace.o ABSOLUTE
    ../clib/angel/sys.s                      0x00000000   Number         0  use_no_semi.o ABSOLUTE
    ../clib/angel/sys.s                      0x00000000   Number         0  indicate_semi.o ABSOLUTE
    ../clib/angel/sysapp.c                   0x00000000   Number         0  sys_exit.o ABSOLUTE
    ../clib/angel/sysapp.c                   0x00000000   Number         0  sys_exit_hlt.o ABSOLUTE
    ../clib/angel/sysapp.c                   0x00000000   Number         0  sys_wrch.o ABSOLUTE
    ../clib/angel/sysapp.c                   0x00000000   Number         0  sys_wrch_hlt.o ABSOLUTE
    ../clib/angel/sysapp.c                   0x00000000   Number         0  sys_command.o ABSOLUTE
    ../clib/angel/sysapp.c                   0x00000000   Number         0  sys_command_hlt.o ABSOLUTE
    ../clib/armsys.c                         0x00000000   Number         0  argv_veneer.o ABSOLUTE
    ../clib/armsys.c                         0x00000000   Number         0  argv_veneer.o ABSOLUTE
    ../clib/armsys.c                         0x00000000   Number         0  _get_argv_nomalloc.o ABSOLUTE
    ../clib/armsys.c                         0x00000000   Number         0  no_argv.o ABSOLUTE
    ../clib/heapalloc.c                      0x00000000   Number         0  hrguard.o ABSOLUTE
    ../clib/heapaux.c                        0x00000000   Number         0  heapauxi.o ABSOLUTE
    ../clib/libinit.s                        0x00000000   Number         0  libinit.o ABSOLUTE
    ../clib/libinit.s                        0x00000000   Number         0  libinit2.o ABSOLUTE
    ../clib/libinit.s                        0x00000000   Number         0  libshutdown.o ABSOLUTE
    ../clib/libinit.s                        0x00000000   Number         0  libshutdown2.o ABSOLUTE
    ../clib/longlong.s                       0x00000000   Number         0  lludivv7m.o ABSOLUTE
    ../clib/signal.c                         0x00000000   Number         0  defsig_fpe_outer.o ABSOLUTE
    ../clib/signal.c                         0x00000000   Number         0  defsig_fpe_formal.o ABSOLUTE
    ../clib/signal.c                         0x00000000   Number         0  defsig_exit.o ABSOLUTE
    ../clib/signal.c                         0x00000000   Number         0  defsig_fpe_inner.o ABSOLUTE
    ../clib/signal.c                         0x00000000   Number         0  __raise.o ABSOLUTE
    ../clib/signal.c                         0x00000000   Number         0  defsig_general.o ABSOLUTE
    ../clib/signal.c                         0x00000000   Number         0  defsig_abrt_inner.o ABSOLUTE
    ../clib/signal.c                         0x00000000   Number         0  defsig_rtred_inner.o ABSOLUTE
    ../clib/signal.c                         0x00000000   Number         0  defsig_rtmem_inner.o ABSOLUTE
    ../clib/signal.c                         0x00000000   Number         0  defsig_rtmem_outer.o ABSOLUTE
    ../clib/signal.c                         0x00000000   Number         0  defsig_rtmem_formal.o ABSOLUTE
    ../clib/signal.c                         0x00000000   Number         0  defsig_stak_inner.o ABSOLUTE
    ../clib/signal.c                         0x00000000   Number         0  defsig_pvfn_inner.o ABSOLUTE
    ../clib/signal.c                         0x00000000   Number         0  defsig_cppl_inner.o ABSOLUTE
    ../clib/signal.c                         0x00000000   Number         0  defsig_segv_inner.o ABSOLUTE
    ../clib/signal.c                         0x00000000   Number         0  defsig_other.o ABSOLUTE
    ../clib/signal.s                         0x00000000   Number         0  defsig.o ABSOLUTE
    ../clib/stdlib.c                         0x00000000   Number         0  exit.o ABSOLUTE
    ../fplib/fpinit.s                        0x00000000   Number         0  fpinit.o ABSOLUTE
    RTE/Device/-AT32F435ZMT7/startup_at32f435_437.s 0x00000000   Number         0  startup_at32f435_437.o ABSOLUTE
    at32f435_437_crm.c                       0x00000000   Number         0  at32f435_437_crm.o ABSOLUTE
    at32f435_437_exint.c                     0x00000000   Number         0  at32f435_437_exint.o ABSOLUTE
    at32f435_437_gpio.c                      0x00000000   Number         0  at32f435_437_gpio.o ABSOLUTE
    at32f435_437_misc.c                      0x00000000   Number         0  at32f435_437_misc.o ABSOLUTE
    at32f435_437_scfg.c                      0x00000000   Number         0  at32f435_437_scfg.o ABSOLUTE
    at32f435_437_usart.c                     0x00000000   Number         0  at32f435_437_usart.o ABSOLUTE
    dc.s                                     0x00000000   Number         0  dc.o ABSOLUTE
    main.c                                   0x00000000   Number         0  main.o ABSOLUTE
    program2.c                               0x00000000   Number         0  program2.o ABSOLUTE
    program3.c                               0x00000000   Number         0  program3.o ABSOLUTE
    system_at32f435_437.c                    0x00000000   Number         0  system_at32f435_437.o ABSOLUTE
    RESET                                    0x08000000   Section      524  startup_at32f435_437.o(RESET)
    !!!main                                  0x0800020c   Section        8  __main.o(!!!main)
    !!!scatter                               0x08000214   Section       92  __scatter.o(!!!scatter)
    !!handler_null                           0x08000270   Section        2  __scatter.o(!!handler_null)
    !!handler_zi                             0x08000274   Section       28  __scatter_zi.o(!!handler_zi)
    .ARM.Collect$$libinit$$00000000          0x08000290   Section        2  libinit.o(.ARM.Collect$$libinit$$00000000)
    .ARM.Collect$$libinit$$00000001          0x08000292   Section        4  libinit2.o(.ARM.Collect$$libinit$$00000001)
    .ARM.Collect$$libinit$$00000004          0x08000296   Section        0  libinit2.o(.ARM.Collect$$libinit$$00000004)
    .ARM.Collect$$libinit$$00000006          0x08000296   Section        0  libinit2.o(.ARM.Collect$$libinit$$00000006)
    .ARM.Collect$$libinit$$0000000C          0x08000296   Section        0  libinit2.o(.ARM.Collect$$libinit$$0000000C)
    .ARM.Collect$$libinit$$0000000E          0x08000296   Section        0  libinit2.o(.ARM.Collect$$libinit$$0000000E)
    .ARM.Collect$$libinit$$00000010          0x08000296   Section        0  libinit2.o(.ARM.Collect$$libinit$$00000010)
    .ARM.Collect$$libinit$$00000013          0x08000296   Section        0  libinit2.o(.ARM.Collect$$libinit$$00000013)
    .ARM.Collect$$libinit$$00000015          0x08000296   Section        0  libinit2.o(.ARM.Collect$$libinit$$00000015)
    .ARM.Collect$$libinit$$00000017          0x08000296   Section        0  libinit2.o(.ARM.Collect$$libinit$$00000017)
    .ARM.Collect$$libinit$$00000019          0x08000296   Section        0  libinit2.o(.ARM.Collect$$libinit$$00000019)
    .ARM.Collect$$libinit$$0000001B          0x08000296   Section        0  libinit2.o(.ARM.Collect$$libinit$$0000001B)
    .ARM.Collect$$libinit$$0000001D          0x08000296   Section        0  libinit2.o(.ARM.Collect$$libinit$$0000001D)
    .ARM.Collect$$libinit$$0000001F          0x08000296   Section        0  libinit2.o(.ARM.Collect$$libinit$$0000001F)
    .ARM.Collect$$libinit$$00000021          0x08000296   Section        0  libinit2.o(.ARM.Collect$$libinit$$00000021)
    .ARM.Collect$$libinit$$00000023          0x08000296   Section        0  libinit2.o(.ARM.Collect$$libinit$$00000023)
    .ARM.Collect$$libinit$$00000025          0x08000296   Section        0  libinit2.o(.ARM.Collect$$libinit$$00000025)
    .ARM.Collect$$libinit$$00000027          0x08000296   Section        0  libinit2.o(.ARM.Collect$$libinit$$00000027)
    .ARM.Collect$$libinit$$0000002E          0x08000296   Section        0  libinit2.o(.ARM.Collect$$libinit$$0000002E)
    .ARM.Collect$$libinit$$00000030          0x08000296   Section        0  libinit2.o(.ARM.Collect$$libinit$$00000030)
    .ARM.Collect$$libinit$$00000032          0x08000296   Section        0  libinit2.o(.ARM.Collect$$libinit$$00000032)
    .ARM.Collect$$libinit$$00000034          0x08000296   Section        0  libinit2.o(.ARM.Collect$$libinit$$00000034)
    .ARM.Collect$$libinit$$00000035          0x08000296   Section        2  libinit2.o(.ARM.Collect$$libinit$$00000035)
    .ARM.Collect$$libshutdown$$00000000      0x08000298   Section        2  libshutdown.o(.ARM.Collect$$libshutdown$$00000000)
    .ARM.Collect$$libshutdown$$00000002      0x0800029a   Section        0  libshutdown2.o(.ARM.Collect$$libshutdown$$00000002)
    .ARM.Collect$$libshutdown$$00000004      0x0800029a   Section        0  libshutdown2.o(.ARM.Collect$$libshutdown$$00000004)
    .ARM.Collect$$libshutdown$$00000007      0x0800029a   Section        0  libshutdown2.o(.ARM.Collect$$libshutdown$$00000007)
    .ARM.Collect$$libshutdown$$0000000A      0x0800029a   Section        0  libshutdown2.o(.ARM.Collect$$libshutdown$$0000000A)
    .ARM.Collect$$libshutdown$$0000000C      0x0800029a   Section        0  libshutdown2.o(.ARM.Collect$$libshutdown$$0000000C)
    .ARM.Collect$$libshutdown$$0000000F      0x0800029a   Section        0  libshutdown2.o(.ARM.Collect$$libshutdown$$0000000F)
    .ARM.Collect$$libshutdown$$00000010      0x0800029a   Section        2  libshutdown2.o(.ARM.Collect$$libshutdown$$00000010)
    .ARM.Collect$$rtentry$$00000000          0x0800029c   Section        0  __rtentry.o(.ARM.Collect$$rtentry$$00000000)
    .ARM.Collect$$rtentry$$00000002          0x0800029c   Section        0  __rtentry2.o(.ARM.Collect$$rtentry$$00000002)
    .ARM.Collect$$rtentry$$00000004          0x0800029c   Section        6  __rtentry4.o(.ARM.Collect$$rtentry$$00000004)
    .ARM.Collect$$rtentry$$00000009          0x080002a2   Section        0  __rtentry2.o(.ARM.Collect$$rtentry$$00000009)
    .ARM.Collect$$rtentry$$0000000A          0x080002a2   Section        4  __rtentry2.o(.ARM.Collect$$rtentry$$0000000A)
    .ARM.Collect$$rtentry$$0000000C          0x080002a6   Section        0  __rtentry2.o(.ARM.Collect$$rtentry$$0000000C)
    .ARM.Collect$$rtentry$$0000000D          0x080002a6   Section        8  __rtentry2.o(.ARM.Collect$$rtentry$$0000000D)
    .ARM.Collect$$rtexit$$00000000           0x080002ae   Section        2  rtexit.o(.ARM.Collect$$rtexit$$00000000)
    .ARM.Collect$$rtexit$$00000002           0x080002b0   Section        0  rtexit2.o(.ARM.Collect$$rtexit$$00000002)
    .ARM.Collect$$rtexit$$00000003           0x080002b0   Section        4  rtexit2.o(.ARM.Collect$$rtexit$$00000003)
    .ARM.Collect$$rtexit$$00000004           0x080002b4   Section        6  rtexit2.o(.ARM.Collect$$rtexit$$00000004)
    $v0                                      0x080002bc   Number         0  startup_at32f435_437.o(.text)
    .text                                    0x080002bc   Section       64  startup_at32f435_437.o(.text)
    .text                                    0x080002fc   Section        0  heapauxi.o(.text)
    .text                                    0x08000302   Section       74  sys_stackheap_outer.o(.text)
    .text                                    0x0800034c   Section        0  exit.o(.text)
    .text                                    0x08000360   Section        8  libspace.o(.text)
    .text                                    0x08000368   Section        0  sys_exit.o(.text)
    .text                                    0x08000374   Section        2  use_no_semi.o(.text)
    .text                                    0x08000376   Section        0  indicate_semi.o(.text)
    [Anonymous Symbol]                       0x08000378   Section        0  system_at32f435_437.o(.text.SystemInit)
    [Anonymous Symbol]                       0x08000434   Section        0  main.o(.text.main)
    $v0                                      0x080004c2   Number         0  fpinit.o(x$fpl$fpinit)
    x$fpl$fpinit                             0x080004c2   Section       26  fpinit.o(x$fpl$fpinit)
    .bss                                     0x20000000   Section       96  libspace.o(.bss)
    Heap_Mem                                 0x20000060   Data         512  startup_at32f435_437.o(HEAP)
    HEAP                                     0x20000060   Section      512  startup_at32f435_437.o(HEAP)
    Stack_Mem                                0x20000260   Data        1024  startup_at32f435_437.o(STACK)
    STACK                                    0x20000260   Section     1024  startup_at32f435_437.o(STACK)
    __initial_sp                             0x20000660   Data           0  startup_at32f435_437.o(STACK)

    Global Symbols

    Symbol Name                              Value     Ov Type        Size  Object(Section)

    BuildAttributes$$THM_ISAv4$E$P$D$K$B$S$7EM$VFPi3$EXTD16$VFPS$VFMA$PE$A:L22UL41UL21$X:L11$S22US41US21$IEEE1$IW$~IW$USESV6$~STKCKD$USESV7$~SHL$OSPACE$ROPI$EBA8$UX$STANDARDLIB$REQ8$PRES8$EABIv2 0x00000000   Number         0  anon$$obj.o ABSOLUTE
    __ARM_exceptions_init                     - Undefined Weak Reference
    __alloca_initialize                       - Undefined Weak Reference
    __arm_preinit_                            - Undefined Weak Reference
    __arm_relocate_pie_                       - Undefined Weak Reference
    __cpp_initialize__aeabi_                  - Undefined Weak Reference
    __cxa_finalize                            - Undefined Weak Reference
    __rt_locale                               - Undefined Weak Reference
    __sigvec_lookup                           - Undefined Weak Reference
    _atexit_init                              - Undefined Weak Reference
    _call_atexit_fns                          - Undefined Weak Reference
    _clock_init                               - Undefined Weak Reference
    _fp_trap_init                             - Undefined Weak Reference
    _fp_trap_shutdown                         - Undefined Weak Reference
    _get_lc_collate                           - Undefined Weak Reference
    _get_lc_ctype                             - Undefined Weak Reference
    _get_lc_monetary                          - Undefined Weak Reference
    _get_lc_numeric                           - Undefined Weak Reference
    _get_lc_time                              - Undefined Weak Reference
    _getenv_init                              - Undefined Weak Reference
    _handle_redirection                       - Undefined Weak Reference
    _init_alloc                               - Undefined Weak Reference
    _init_user_alloc                          - Undefined Weak Reference
    _initio                                   - Undefined Weak Reference
    _rand_init                                - Undefined Weak Reference
    _signal_finish                            - Undefined Weak Reference
    _signal_init                              - Undefined Weak Reference
    _terminate_alloc                          - Undefined Weak Reference
    _terminate_user_alloc                     - Undefined Weak Reference
    _terminateio                              - Undefined Weak Reference
    __Vectors_Size                           0x0000020c   Number         0  startup_at32f435_437.o ABSOLUTE
    __Vectors                                0x08000000   Data           4  startup_at32f435_437.o(RESET)
    __Vectors_End                            0x0800020c   Data           0  startup_at32f435_437.o(RESET)
    __main                                   0x0800020d   Thumb Code     8  __main.o(!!!main)
    __scatterload                            0x08000215   Thumb Code     0  __scatter.o(!!!scatter)
    __scatterload_rt2                        0x08000215   Thumb Code    84  __scatter.o(!!!scatter)
    __scatterload_rt2_thumb_only             0x08000215   Thumb Code     0  __scatter.o(!!!scatter)
    __scatterload_loop                       0x0800021f   Thumb Code     0  __scatter.o(!!!scatter)
    __scatterload_null                       0x08000271   Thumb Code     2  __scatter.o(!!handler_null)
    __scatterload_zeroinit                   0x08000275   Thumb Code    28  __scatter_zi.o(!!handler_zi)
    __rt_lib_init                            0x08000291   Thumb Code     0  libinit.o(.ARM.Collect$$libinit$$00000000)
    __rt_lib_init_fp_1                       0x08000293   Thumb Code     0  libinit2.o(.ARM.Collect$$libinit$$00000001)
    __rt_lib_init_alloca_1                   0x08000297   Thumb Code     0  libinit2.o(.ARM.Collect$$libinit$$00000030)
    __rt_lib_init_argv_1                     0x08000297   Thumb Code     0  libinit2.o(.ARM.Collect$$libinit$$0000002E)
    __rt_lib_init_atexit_1                   0x08000297   Thumb Code     0  libinit2.o(.ARM.Collect$$libinit$$0000001D)
    __rt_lib_init_clock_1                    0x08000297   Thumb Code     0  libinit2.o(.ARM.Collect$$libinit$$00000023)
    __rt_lib_init_cpp_1                      0x08000297   Thumb Code     0  libinit2.o(.ARM.Collect$$libinit$$00000034)
    __rt_lib_init_exceptions_1               0x08000297   Thumb Code     0  libinit2.o(.ARM.Collect$$libinit$$00000032)
    __rt_lib_init_fp_trap_1                  0x08000297   Thumb Code     0  libinit2.o(.ARM.Collect$$libinit$$00000021)
    __rt_lib_init_getenv_1                   0x08000297   Thumb Code     0  libinit2.o(.ARM.Collect$$libinit$$00000025)
    __rt_lib_init_heap_1                     0x08000297   Thumb Code     0  libinit2.o(.ARM.Collect$$libinit$$0000000C)
    __rt_lib_init_lc_collate_1               0x08000297   Thumb Code     0  libinit2.o(.ARM.Collect$$libinit$$00000013)
    __rt_lib_init_lc_ctype_1                 0x08000297   Thumb Code     0  libinit2.o(.ARM.Collect$$libinit$$00000015)
    __rt_lib_init_lc_monetary_1              0x08000297   Thumb Code     0  libinit2.o(.ARM.Collect$$libinit$$00000017)
    __rt_lib_init_lc_numeric_1               0x08000297   Thumb Code     0  libinit2.o(.ARM.Collect$$libinit$$00000019)
    __rt_lib_init_lc_time_1                  0x08000297   Thumb Code     0  libinit2.o(.ARM.Collect$$libinit$$0000001B)
    __rt_lib_init_preinit_1                  0x08000297   Thumb Code     0  libinit2.o(.ARM.Collect$$libinit$$00000006)
    __rt_lib_init_rand_1                     0x08000297   Thumb Code     0  libinit2.o(.ARM.Collect$$libinit$$00000010)
    __rt_lib_init_relocate_pie_1             0x08000297   Thumb Code     0  libinit2.o(.ARM.Collect$$libinit$$00000004)
    __rt_lib_init_return                     0x08000297   Thumb Code     0  libinit2.o(.ARM.Collect$$libinit$$00000035)
    __rt_lib_init_signal_1                   0x08000297   Thumb Code     0  libinit2.o(.ARM.Collect$$libinit$$0000001F)
    __rt_lib_init_stdio_1                    0x08000297   Thumb Code     0  libinit2.o(.ARM.Collect$$libinit$$00000027)
    __rt_lib_init_user_alloc_1               0x08000297   Thumb Code     0  libinit2.o(.ARM.Collect$$libinit$$0000000E)
    __rt_lib_shutdown                        0x08000299   Thumb Code     0  libshutdown.o(.ARM.Collect$$libshutdown$$00000000)
    __rt_lib_shutdown_cpp_1                  0x0800029b   Thumb Code     0  libshutdown2.o(.ARM.Collect$$libshutdown$$00000002)
    __rt_lib_shutdown_fp_trap_1              0x0800029b   Thumb Code     0  libshutdown2.o(.ARM.Collect$$libshutdown$$00000007)
    __rt_lib_shutdown_heap_1                 0x0800029b   Thumb Code     0  libshutdown2.o(.ARM.Collect$$libshutdown$$0000000F)
    __rt_lib_shutdown_return                 0x0800029b   Thumb Code     0  libshutdown2.o(.ARM.Collect$$libshutdown$$00000010)
    __rt_lib_shutdown_signal_1               0x0800029b   Thumb Code     0  libshutdown2.o(.ARM.Collect$$libshutdown$$0000000A)
    __rt_lib_shutdown_stdio_1                0x0800029b   Thumb Code     0  libshutdown2.o(.ARM.Collect$$libshutdown$$00000004)
    __rt_lib_shutdown_user_alloc_1           0x0800029b   Thumb Code     0  libshutdown2.o(.ARM.Collect$$libshutdown$$0000000C)
    __rt_entry                               0x0800029d   Thumb Code     0  __rtentry.o(.ARM.Collect$$rtentry$$00000000)
    __rt_entry_presh_1                       0x0800029d   Thumb Code     0  __rtentry2.o(.ARM.Collect$$rtentry$$00000002)
    __rt_entry_sh                            0x0800029d   Thumb Code     0  __rtentry4.o(.ARM.Collect$$rtentry$$00000004)
    __rt_entry_li                            0x080002a3   Thumb Code     0  __rtentry2.o(.ARM.Collect$$rtentry$$0000000A)
    __rt_entry_postsh_1                      0x080002a3   Thumb Code     0  __rtentry2.o(.ARM.Collect$$rtentry$$00000009)
    __rt_entry_main                          0x080002a7   Thumb Code     0  __rtentry2.o(.ARM.Collect$$rtentry$$0000000D)
    __rt_entry_postli_1                      0x080002a7   Thumb Code     0  __rtentry2.o(.ARM.Collect$$rtentry$$0000000C)
    __rt_exit                                0x080002af   Thumb Code     0  rtexit.o(.ARM.Collect$$rtexit$$00000000)
    __rt_exit_ls                             0x080002b1   Thumb Code     0  rtexit2.o(.ARM.Collect$$rtexit$$00000003)
    __rt_exit_prels_1                        0x080002b1   Thumb Code     0  rtexit2.o(.ARM.Collect$$rtexit$$00000002)
    __rt_exit_exit                           0x080002b5   Thumb Code     0  rtexit2.o(.ARM.Collect$$rtexit$$00000004)
    Reset_Handler                            0x080002bd   Thumb Code     8  startup_at32f435_437.o(.text)
    NMI_Handler                              0x080002c5   Thumb Code     2  startup_at32f435_437.o(.text)
    HardFault_Handler                        0x080002c7   Thumb Code     2  startup_at32f435_437.o(.text)
    MemManage_Handler                        0x080002c9   Thumb Code     2  startup_at32f435_437.o(.text)
    BusFault_Handler                         0x080002cb   Thumb Code     2  startup_at32f435_437.o(.text)
    UsageFault_Handler                       0x080002cd   Thumb Code     2  startup_at32f435_437.o(.text)
    SVC_Handler                              0x080002cf   Thumb Code     2  startup_at32f435_437.o(.text)
    DebugMon_Handler                         0x080002d1   Thumb Code     2  startup_at32f435_437.o(.text)
    PendSV_Handler                           0x080002d3   Thumb Code     2  startup_at32f435_437.o(.text)
    SysTick_Handler                          0x080002d5   Thumb Code     2  startup_at32f435_437.o(.text)
    ACC_IRQHandler                           0x080002d7   Thumb Code     0  startup_at32f435_437.o(.text)
    ADC1_2_3_IRQHandler                      0x080002d7   Thumb Code     0  startup_at32f435_437.o(.text)
    CAN1_RX0_IRQHandler                      0x080002d7   Thumb Code     0  startup_at32f435_437.o(.text)
    CAN1_RX1_IRQHandler                      0x080002d7   Thumb Code     0  startup_at32f435_437.o(.text)
    CAN1_SE_IRQHandler                       0x080002d7   Thumb Code     0  startup_at32f435_437.o(.text)
    CAN1_TX_IRQHandler                       0x080002d7   Thumb Code     0  startup_at32f435_437.o(.text)
    CAN2_RX0_IRQHandler                      0x080002d7   Thumb Code     0  startup_at32f435_437.o(.text)
    CAN2_RX1_IRQHandler                      0x080002d7   Thumb Code     0  startup_at32f435_437.o(.text)
    CAN2_SE_IRQHandler                       0x080002d7   Thumb Code     0  startup_at32f435_437.o(.text)
    CAN2_TX_IRQHandler                       0x080002d7   Thumb Code     0  startup_at32f435_437.o(.text)
    CRM_IRQHandler                           0x080002d7   Thumb Code     0  startup_at32f435_437.o(.text)
    DMA1_Channel1_IRQHandler                 0x080002d7   Thumb Code     0  startup_at32f435_437.o(.text)
    DMA1_Channel2_IRQHandler                 0x080002d7   Thumb Code     0  startup_at32f435_437.o(.text)
    DMA1_Channel3_IRQHandler                 0x080002d7   Thumb Code     0  startup_at32f435_437.o(.text)
    DMA1_Channel4_IRQHandler                 0x080002d7   Thumb Code     0  startup_at32f435_437.o(.text)
    DMA1_Channel5_IRQHandler                 0x080002d7   Thumb Code     0  startup_at32f435_437.o(.text)
    DMA1_Channel6_IRQHandler                 0x080002d7   Thumb Code     0  startup_at32f435_437.o(.text)
    DMA1_Channel7_IRQHandler                 0x080002d7   Thumb Code     0  startup_at32f435_437.o(.text)
    DMA2_Channel1_IRQHandler                 0x080002d7   Thumb Code     0  startup_at32f435_437.o(.text)
    DMA2_Channel2_IRQHandler                 0x080002d7   Thumb Code     0  startup_at32f435_437.o(.text)
    DMA2_Channel3_IRQHandler                 0x080002d7   Thumb Code     0  startup_at32f435_437.o(.text)
    DMA2_Channel4_IRQHandler                 0x080002d7   Thumb Code     0  startup_at32f435_437.o(.text)
    DMA2_Channel5_IRQHandler                 0x080002d7   Thumb Code     0  startup_at32f435_437.o(.text)
    DMA2_Channel6_IRQHandler                 0x080002d7   Thumb Code     0  startup_at32f435_437.o(.text)
    DMA2_Channel7_IRQHandler                 0x080002d7   Thumb Code     0  startup_at32f435_437.o(.text)
    DMAMUX_IRQHandler                        0x080002d7   Thumb Code     0  startup_at32f435_437.o(.text)
    DVP_IRQHandler                           0x080002d7   Thumb Code     0  startup_at32f435_437.o(.text)
    EDMA_Stream1_IRQHandler                  0x080002d7   Thumb Code     0  startup_at32f435_437.o(.text)
    EDMA_Stream2_IRQHandler                  0x080002d7   Thumb Code     0  startup_at32f435_437.o(.text)
    EDMA_Stream3_IRQHandler                  0x080002d7   Thumb Code     0  startup_at32f435_437.o(.text)
    EDMA_Stream4_IRQHandler                  0x080002d7   Thumb Code     0  startup_at32f435_437.o(.text)
    EDMA_Stream5_IRQHandler                  0x080002d7   Thumb Code     0  startup_at32f435_437.o(.text)
    EDMA_Stream6_IRQHandler                  0x080002d7   Thumb Code     0  startup_at32f435_437.o(.text)
    EDMA_Stream7_IRQHandler                  0x080002d7   Thumb Code     0  startup_at32f435_437.o(.text)
    EDMA_Stream8_IRQHandler                  0x080002d7   Thumb Code     0  startup_at32f435_437.o(.text)
    EMAC_IRQHandler                          0x080002d7   Thumb Code     0  startup_at32f435_437.o(.text)
    EMAC_WKUP_IRQHandler                     0x080002d7   Thumb Code     0  startup_at32f435_437.o(.text)
    ERTCAlarm_IRQHandler                     0x080002d7   Thumb Code     0  startup_at32f435_437.o(.text)
    ERTC_WKUP_IRQHandler                     0x080002d7   Thumb Code     0  startup_at32f435_437.o(.text)
    EXINT0_IRQHandler                        0x080002d7   Thumb Code     0  startup_at32f435_437.o(.text)
    EXINT15_10_IRQHandler                    0x080002d7   Thumb Code     0  startup_at32f435_437.o(.text)
    EXINT1_IRQHandler                        0x080002d7   Thumb Code     0  startup_at32f435_437.o(.text)
    EXINT2_IRQHandler                        0x080002d7   Thumb Code     0  startup_at32f435_437.o(.text)
    EXINT3_IRQHandler                        0x080002d7   Thumb Code     0  startup_at32f435_437.o(.text)
    EXINT4_IRQHandler                        0x080002d7   Thumb Code     0  startup_at32f435_437.o(.text)
    EXINT9_5_IRQHandler                      0x080002d7   Thumb Code     0  startup_at32f435_437.o(.text)
    FLASH_IRQHandler                         0x080002d7   Thumb Code     0  startup_at32f435_437.o(.text)
    FPU_IRQHandler                           0x080002d7   Thumb Code     0  startup_at32f435_437.o(.text)
    I2C1_ERR_IRQHandler                      0x080002d7   Thumb Code     0  startup_at32f435_437.o(.text)
    I2C1_EVT_IRQHandler                      0x080002d7   Thumb Code     0  startup_at32f435_437.o(.text)
    I2C2_ERR_IRQHandler                      0x080002d7   Thumb Code     0  startup_at32f435_437.o(.text)
    I2C2_EVT_IRQHandler                      0x080002d7   Thumb Code     0  startup_at32f435_437.o(.text)
    I2C3_ERR_IRQHandler                      0x080002d7   Thumb Code     0  startup_at32f435_437.o(.text)
    I2C3_EVT_IRQHandler                      0x080002d7   Thumb Code     0  startup_at32f435_437.o(.text)
    OTGFS1_IRQHandler                        0x080002d7   Thumb Code     0  startup_at32f435_437.o(.text)
    OTGFS1_WKUP_IRQHandler                   0x080002d7   Thumb Code     0  startup_at32f435_437.o(.text)
    OTGFS2_IRQHandler                        0x080002d7   Thumb Code     0  startup_at32f435_437.o(.text)
    OTGFS2_WKUP_IRQHandler                   0x080002d7   Thumb Code     0  startup_at32f435_437.o(.text)
    PVM_IRQHandler                           0x080002d7   Thumb Code     0  startup_at32f435_437.o(.text)
    QSPI1_IRQHandler                         0x080002d7   Thumb Code     0  startup_at32f435_437.o(.text)
    QSPI2_IRQHandler                         0x080002d7   Thumb Code     0  startup_at32f435_437.o(.text)
    SDIO1_IRQHandler                         0x080002d7   Thumb Code     0  startup_at32f435_437.o(.text)
    SDIO2_IRQHandler                         0x080002d7   Thumb Code     0  startup_at32f435_437.o(.text)
    SPI1_IRQHandler                          0x080002d7   Thumb Code     0  startup_at32f435_437.o(.text)
    SPI2_I2S2EXT_IRQHandler                  0x080002d7   Thumb Code     0  startup_at32f435_437.o(.text)
    SPI3_I2S3EXT_IRQHandler                  0x080002d7   Thumb Code     0  startup_at32f435_437.o(.text)
    SPI4_IRQHandler                          0x080002d7   Thumb Code     0  startup_at32f435_437.o(.text)
    TAMP_STAMP_IRQHandler                    0x080002d7   Thumb Code     0  startup_at32f435_437.o(.text)
    TMR1_BRK_TMR9_IRQHandler                 0x080002d7   Thumb Code     0  startup_at32f435_437.o(.text)
    TMR1_CH_IRQHandler                       0x080002d7   Thumb Code     0  startup_at32f435_437.o(.text)
    TMR1_OVF_TMR10_IRQHandler                0x080002d7   Thumb Code     0  startup_at32f435_437.o(.text)
    TMR1_TRG_HALL_TMR11_IRQHandler           0x080002d7   Thumb Code     0  startup_at32f435_437.o(.text)
    TMR20_BRK_IRQHandler                     0x080002d7   Thumb Code     0  startup_at32f435_437.o(.text)
    TMR20_CH_IRQHandler                      0x080002d7   Thumb Code     0  startup_at32f435_437.o(.text)
    TMR20_OVF_IRQHandler                     0x080002d7   Thumb Code     0  startup_at32f435_437.o(.text)
    TMR20_TRG_HALL_IRQHandler                0x080002d7   Thumb Code     0  startup_at32f435_437.o(.text)
    TMR2_GLOBAL_IRQHandler                   0x080002d7   Thumb Code     0  startup_at32f435_437.o(.text)
    TMR3_GLOBAL_IRQHandler                   0x080002d7   Thumb Code     0  startup_at32f435_437.o(.text)
    TMR4_GLOBAL_IRQHandler                   0x080002d7   Thumb Code     0  startup_at32f435_437.o(.text)
    TMR5_GLOBAL_IRQHandler                   0x080002d7   Thumb Code     0  startup_at32f435_437.o(.text)
    TMR6_DAC_GLOBAL_IRQHandler               0x080002d7   Thumb Code     0  startup_at32f435_437.o(.text)
    TMR7_GLOBAL_IRQHandler                   0x080002d7   Thumb Code     0  startup_at32f435_437.o(.text)
    TMR8_BRK_TMR12_IRQHandler                0x080002d7   Thumb Code     0  startup_at32f435_437.o(.text)
    TMR8_CH_IRQHandler                       0x080002d7   Thumb Code     0  startup_at32f435_437.o(.text)
    TMR8_OVF_TMR13_IRQHandler                0x080002d7   Thumb Code     0  startup_at32f435_437.o(.text)
    TMR8_TRG_HALL_TMR14_IRQHandler           0x080002d7   Thumb Code     0  startup_at32f435_437.o(.text)
    UART4_IRQHandler                         0x080002d7   Thumb Code     0  startup_at32f435_437.o(.text)
    UART5_IRQHandler                         0x080002d7   Thumb Code     0  startup_at32f435_437.o(.text)
    UART7_IRQHandler                         0x080002d7   Thumb Code     0  startup_at32f435_437.o(.text)
    UART8_IRQHandler                         0x080002d7   Thumb Code     0  startup_at32f435_437.o(.text)
    USART1_IRQHandler                        0x080002d7   Thumb Code     0  startup_at32f435_437.o(.text)
    USART2_IRQHandler                        0x080002d7   Thumb Code     0  startup_at32f435_437.o(.text)
    USART3_IRQHandler                        0x080002d7   Thumb Code     0  startup_at32f435_437.o(.text)
    USART6_IRQHandler                        0x080002d7   Thumb Code     0  startup_at32f435_437.o(.text)
    WWDT_IRQHandler                          0x080002d7   Thumb Code     0  startup_at32f435_437.o(.text)
    XMC_IRQHandler                           0x080002d7   Thumb Code     0  startup_at32f435_437.o(.text)
    __user_initial_stackheap                 0x080002d9   Thumb Code     0  startup_at32f435_437.o(.text)
    __use_two_region_memory                  0x080002fd   Thumb Code     2  heapauxi.o(.text)
    __rt_heap_escrow$2region                 0x080002ff   Thumb Code     2  heapauxi.o(.text)
    __rt_heap_expand$2region                 0x08000301   Thumb Code     2  heapauxi.o(.text)
    __user_setup_stackheap                   0x08000303   Thumb Code    74  sys_stackheap_outer.o(.text)
    exit                                     0x0800034d   Thumb Code    18  exit.o(.text)
    __user_libspace                          0x08000361   Thumb Code     8  libspace.o(.text)
    __user_perproc_libspace                  0x08000361   Thumb Code     0  libspace.o(.text)
    __user_perthread_libspace                0x08000361   Thumb Code     0  libspace.o(.text)
    _sys_exit                                0x08000369   Thumb Code     8  sys_exit.o(.text)
    __I$use$semihosting                      0x08000375   Thumb Code     0  use_no_semi.o(.text)
    __use_no_semihosting_swi                 0x08000375   Thumb Code     2  use_no_semi.o(.text)
    __semihosting_library_function           0x08000377   Thumb Code     0  indicate_semi.o(.text)
    SystemInit                               0x08000379   Thumb Code   186  system_at32f435_437.o(.text.SystemInit)
    main                                     0x08000435   Thumb Code   142  main.o(.text.main)
    _fp_init                                 0x080004c3   Thumb Code    26  fpinit.o(x$fpl$fpinit)
    __fplib_config_fpu_vfp                   0x080004db   Thumb Code     0  fpinit.o(x$fpl$fpinit)
    __fplib_config_pureend_doubles           0x080004db   Thumb Code     0  fpinit.o(x$fpl$fpinit)
    Region$$Table$$Base                      0x080004dc   Number         0  anon$$obj.o(Region$$Table)
    Region$$Table$$Limit                     0x080004ec   Number         0  anon$$obj.o(Region$$Table)
    __libspace_start                         0x20000000   Data          96  libspace.o(.bss)
    __temporary_stack_top$libspace           0x20000060   Data           0  libspace.o(.bss)



==============================================================================

Memory Map of the image

  Image Entry point : 0x080002bd

  Load Region LR_1 (Base: 0x08000000, Size: 0x000004ec, Max: 0xffffffff, ABSOLUTE)

    Execution Region ER_RO (Exec base: 0x08000000, Load base: 0x08000000, Size: 0x000004ec, Max: 0xffffffff, ABSOLUTE)

    Exec Addr    Load Addr    Size         Type   Attr      Idx    E Section Name        Object

    0x08000000   0x08000000   0x0000020c   Data   RO           14    RESET               startup_at32f435_437.o
    0x0800020c   0x0800020c   0x00000008   Code   RO          319  * !!!main             c_w.l(__main.o)
    0x08000214   0x08000214   0x0000005c   Code   RO          494    !!!scatter          c_w.l(__scatter.o)
    0x08000270   0x08000270   0x00000002   Code   RO          495    !!handler_null      c_w.l(__scatter.o)
    0x08000272   0x08000272   0x00000002   PAD
    0x08000274   0x08000274   0x0000001c   Code   RO          498    !!handler_zi        c_w.l(__scatter_zi.o)
    0x08000290   0x08000290   0x00000002   Code   RO          356    .ARM.Collect$$libinit$$00000000  c_w.l(libinit.o)
    0x08000292   0x08000292   0x00000004   Code   RO          368    .ARM.Collect$$libinit$$00000001  c_w.l(libinit2.o)
    0x08000296   0x08000296   0x00000000   Code   RO          371    .ARM.Collect$$libinit$$00000004  c_w.l(libinit2.o)
    0x08000296   0x08000296   0x00000000   Code   RO          373    .ARM.Collect$$libinit$$00000006  c_w.l(libinit2.o)
    0x08000296   0x08000296   0x00000000   Code   RO          376    .ARM.Collect$$libinit$$0000000C  c_w.l(libinit2.o)
    0x08000296   0x08000296   0x00000000   Code   RO          378    .ARM.Collect$$libinit$$0000000E  c_w.l(libinit2.o)
    0x08000296   0x08000296   0x00000000   Code   RO          380    .ARM.Collect$$libinit$$00000010  c_w.l(libinit2.o)
    0x08000296   0x08000296   0x00000000   Code   RO          383    .ARM.Collect$$libinit$$00000013  c_w.l(libinit2.o)
    0x08000296   0x08000296   0x00000000   Code   RO          385    .ARM.Collect$$libinit$$00000015  c_w.l(libinit2.o)
    0x08000296   0x08000296   0x00000000   Code   RO          387    .ARM.Collect$$libinit$$00000017  c_w.l(libinit2.o)
    0x08000296   0x08000296   0x00000000   Code   RO          389    .ARM.Collect$$libinit$$00000019  c_w.l(libinit2.o)
    0x08000296   0x08000296   0x00000000   Code   RO          391    .ARM.Collect$$libinit$$0000001B  c_w.l(libinit2.o)
    0x08000296   0x08000296   0x00000000   Code   RO          393    .ARM.Collect$$libinit$$0000001D  c_w.l(libinit2.o)
    0x08000296   0x08000296   0x00000000   Code   RO          395    .ARM.Collect$$libinit$$0000001F  c_w.l(libinit2.o)
    0x08000296   0x08000296   0x00000000   Code   RO          397    .ARM.Collect$$libinit$$00000021  c_w.l(libinit2.o)
    0x08000296   0x08000296   0x00000000   Code   RO          399    .ARM.Collect$$libinit$$00000023  c_w.l(libinit2.o)
    0x08000296   0x08000296   0x00000000   Code   RO          401    .ARM.Collect$$libinit$$00000025  c_w.l(libinit2.o)
    0x08000296   0x08000296   0x00000000   Code   RO          403    .ARM.Collect$$libinit$$00000027  c_w.l(libinit2.o)
    0x08000296   0x08000296   0x00000000   Code   RO          407    .ARM.Collect$$libinit$$0000002E  c_w.l(libinit2.o)
    0x08000296   0x08000296   0x00000000   Code   RO          409    .ARM.Collect$$libinit$$00000030  c_w.l(libinit2.o)
    0x08000296   0x08000296   0x00000000   Code   RO          411    .ARM.Collect$$libinit$$00000032  c_w.l(libinit2.o)
    0x08000296   0x08000296   0x00000000   Code   RO          413    .ARM.Collect$$libinit$$00000034  c_w.l(libinit2.o)
    0x08000296   0x08000296   0x00000002   Code   RO          414    .ARM.Collect$$libinit$$00000035  c_w.l(libinit2.o)
    0x08000298   0x08000298   0x00000002   Code   RO          449    .ARM.Collect$$libshutdown$$00000000  c_w.l(libshutdown.o)
    0x0800029a   0x0800029a   0x00000000   Code   RO          477    .ARM.Collect$$libshutdown$$00000002  c_w.l(libshutdown2.o)
    0x0800029a   0x0800029a   0x00000000   Code   RO          479    .ARM.Collect$$libshutdown$$00000004  c_w.l(libshutdown2.o)
    0x0800029a   0x0800029a   0x00000000   Code   RO          482    .ARM.Collect$$libshutdown$$00000007  c_w.l(libshutdown2.o)
    0x0800029a   0x0800029a   0x00000000   Code   RO          485    .ARM.Collect$$libshutdown$$0000000A  c_w.l(libshutdown2.o)
    0x0800029a   0x0800029a   0x00000000   Code   RO          487    .ARM.Collect$$libshutdown$$0000000C  c_w.l(libshutdown2.o)
    0x0800029a   0x0800029a   0x00000000   Code   RO          490    .ARM.Collect$$libshutdown$$0000000F  c_w.l(libshutdown2.o)
    0x0800029a   0x0800029a   0x00000002   Code   RO          491    .ARM.Collect$$libshutdown$$00000010  c_w.l(libshutdown2.o)
    0x0800029c   0x0800029c   0x00000000   Code   RO          321    .ARM.Collect$$rtentry$$00000000  c_w.l(__rtentry.o)
    0x0800029c   0x0800029c   0x00000000   Code   RO          327    .ARM.Collect$$rtentry$$00000002  c_w.l(__rtentry2.o)
    0x0800029c   0x0800029c   0x00000006   Code   RO          339    .ARM.Collect$$rtentry$$00000004  c_w.l(__rtentry4.o)
    0x080002a2   0x080002a2   0x00000000   Code   RO          329    .ARM.Collect$$rtentry$$00000009  c_w.l(__rtentry2.o)
    0x080002a2   0x080002a2   0x00000004   Code   RO          330    .ARM.Collect$$rtentry$$0000000A  c_w.l(__rtentry2.o)
    0x080002a6   0x080002a6   0x00000000   Code   RO          332    .ARM.Collect$$rtentry$$0000000C  c_w.l(__rtentry2.o)
    0x080002a6   0x080002a6   0x00000008   Code   RO          333    .ARM.Collect$$rtentry$$0000000D  c_w.l(__rtentry2.o)
    0x080002ae   0x080002ae   0x00000002   Code   RO          360    .ARM.Collect$$rtexit$$00000000  c_w.l(rtexit.o)
    0x080002b0   0x080002b0   0x00000000   Code   RO          420    .ARM.Collect$$rtexit$$00000002  c_w.l(rtexit2.o)
    0x080002b0   0x080002b0   0x00000004   Code   RO          421    .ARM.Collect$$rtexit$$00000003  c_w.l(rtexit2.o)
    0x080002b4   0x080002b4   0x00000006   Code   RO          422    .ARM.Collect$$rtexit$$00000004  c_w.l(rtexit2.o)
    0x080002ba   0x080002ba   0x00000002   PAD
    0x080002bc   0x080002bc   0x00000040   Code   RO           15  * .text               startup_at32f435_437.o
    0x080002fc   0x080002fc   0x00000006   Code   RO          317    .text               c_w.l(heapauxi.o)
    0x08000302   0x08000302   0x0000004a   Code   RO          343    .text               c_w.l(sys_stackheap_outer.o)
    0x0800034c   0x0800034c   0x00000012   Code   RO          345    .text               c_w.l(exit.o)
    0x0800035e   0x0800035e   0x00000002   PAD
    0x08000360   0x08000360   0x00000008   Code   RO          357    .text               c_w.l(libspace.o)
    0x08000368   0x08000368   0x0000000c   Code   RO          415    .text               c_w.l(sys_exit.o)
    0x08000374   0x08000374   0x00000002   Code   RO          438    .text               c_w.l(use_no_semi.o)
    0x08000376   0x08000376   0x00000000   Code   RO          440    .text               c_w.l(indicate_semi.o)
    0x08000376   0x08000376   0x00000002   PAD
    0x08000378   0x08000378   0x000000ba   Code   RO           22    .text.SystemInit    system_at32f435_437.o
    0x08000432   0x08000432   0x00000002   PAD
    0x08000434   0x08000434   0x0000008e   Code   RO            2    .text.main          main.o
    0x080004c2   0x080004c2   0x0000001a   Code   RO          432    x$fpl$fpinit        fz_wm.l(fpinit.o)
    0x080004dc   0x080004dc   0x00000010   Data   RO          493    Region$$Table       anon$$obj.o


    Execution Region ER_RW (Exec base: 0x20000000, Load base: 0x080004ec, Size: 0x00000000, Max: 0xffffffff, ABSOLUTE)

    **** No section assigned to this execution region ****


    Execution Region ER_ZI (Exec base: 0x20000000, Load base: 0x080004ec, Size: 0x00000660, Max: 0xffffffff, ABSOLUTE)

    Exec Addr    Load Addr    Size         Type   Attr      Idx    E Section Name        Object

    0x20000000        -       0x00000060   Zero   RW          358    .bss                c_w.l(libspace.o)
    0x20000060        -       0x00000200   Zero   RW           13    HEAP                startup_at32f435_437.o
    0x20000260        -       0x00000400   Zero   RW           12    STACK               startup_at32f435_437.o


==============================================================================

Image component sizes


      Code (inc. data)   RO Data    RW Data    ZI Data      Debug   Object Name

       142          0          0          0          0        657   main.o
        64         26        524          0       1536        896   startup_at32f435_437.o
       186          0          0          0          0      11298   system_at32f435_437.o

    ----------------------------------------------------------------------
       394         26        540          0       1536      12851   Object Totals
         0          0         16          0          0          0   (incl. Generated)
         2          0          0          0          0          0   (incl. Padding)

    ----------------------------------------------------------------------

      Code (inc. data)   RO Data    RW Data    ZI Data      Debug   Library Member Name

         8          0          0          0          0         68   __main.o
         0          0          0          0          0          0   __rtentry.o
        12          0          0          0          0          0   __rtentry2.o
         6          0          0          0          0          0   __rtentry4.o
        94          8          0          0          0          0   __scatter.o
        28          0          0          0          0          0   __scatter_zi.o
        18          0          0          0          0         80   exit.o
         6          0          0          0          0        152   heapauxi.o
         0          0          0          0          0          0   indicate_semi.o
         2          0          0          0          0          0   libinit.o
         6          0          0          0          0          0   libinit2.o
         2          0          0          0          0          0   libshutdown.o
         2          0          0          0          0          0   libshutdown2.o
         8          4          0          0         96         68   libspace.o
         2          0          0          0          0          0   rtexit.o
        10          0          0          0          0          0   rtexit2.o
        12          4          0          0          0         68   sys_exit.o
        74          0          0          0          0         80   sys_stackheap_outer.o
         2          0          0          0          0         68   use_no_semi.o
        26          0          0          0          0        116   fpinit.o

    ----------------------------------------------------------------------
       326         16          0          0         96        700   Library Totals
         8          0          0          0          0          0   (incl. Padding)

    ----------------------------------------------------------------------

      Code (inc. data)   RO Data    RW Data    ZI Data      Debug   Library Name

       292         16          0          0         96        584   c_w.l
        26          0          0          0          0        116   fz_wm.l

    ----------------------------------------------------------------------
       326         16          0          0         96        700   Library Totals

    ----------------------------------------------------------------------

==============================================================================


      Code (inc. data)   RO Data    RW Data    ZI Data      Debug   

       720         42        540          0       1632      13375   Grand Totals
       720         42        540          0       1632      13375   ELF Image Totals
       720         42        540          0          0          0   ROM Totals

==============================================================================

    Total RO  Size (Code + RO Data)                 1260 (   1.23kB)
    Total RW  Size (RW Data + ZI Data)              1632 (   1.59kB)
    Total ROM Size (Code + RO Data + RW Data)       1260 (   1.23kB)

==============================================================================

